{
  "ok": true,
  "checkpoint": "local_checkpoints/part/ParticleNet_kinpid.pt",
  "mode": "kinpid",
  "n_events": 2560,
  "top_k": [
    1,
    2,
    4,
    8,
    16
  ],
  "summary_rows": [
    {
      "control": "baseline",
      "acc": 0.7574218511581421,
      "flip_rate": 0.0,
      "mean_abs_logit_diff": 0.0,
      "delta_base_pred_logit_mean": 0.0
    },
    {
      "control": "remove_particle0",
      "acc": 0.563281238079071,
      "flip_rate": 0.3160156309604645,
      "mean_abs_logit_diff": 2.4905834197998047,
      "delta_base_pred_logit_mean": -3.564497947692871
    },
    {
      "control": "keep_only_particle0",
      "acc": 0.20273438096046448,
      "flip_rate": 0.794140636920929,
      "mean_abs_logit_diff": 32.81978988647461,
      "delta_base_pred_logit_mean": -26.510637283325195
    },
    {
      "control": "remove_top1",
      "acc": 0.563281238079071,
      "flip_rate": 0.3160156309604645,
      "mean_abs_logit_diff": 2.4905834197998047,
      "delta_base_pred_logit_mean": -3.564497947692871
    },
    {
      "control": "keep_top1",
      "acc": 0.20273438096046448,
      "flip_rate": 0.794140636920929,
      "mean_abs_logit_diff": 32.81978988647461,
      "delta_base_pred_logit_mean": -26.510637283325195
    },
    {
      "control": "random_remove1",
      "acc": 0.744921863079071,
      "flip_rate": 0.06093750149011612,
      "mean_abs_logit_diff": 0.4545328915119171,
      "delta_base_pred_logit_mean": -0.21991848945617676
    },
    {
      "control": "remove_top2",
      "acc": 0.4566406309604645,
      "flip_rate": 0.4664062559604645,
      "mean_abs_logit_diff": 3.5341458320617676,
      "delta_base_pred_logit_mean": -5.553091526031494
    },
    {
      "control": "keep_top2",
      "acc": 0.24296875298023224,
      "flip_rate": 0.7476562261581421,
      "mean_abs_logit_diff": 18.97852897644043,
      "delta_base_pred_logit_mean": -16.797685623168945
    },
    {
      "control": "random_remove2",
      "acc": 0.719531238079071,
      "flip_rate": 0.09335937350988388,
      "mean_abs_logit_diff": 0.7154276371002197,
      "delta_base_pred_logit_mean": -0.38206976652145386
    },
    {
      "control": "remove_top4",
      "acc": 0.3492187559604645,
      "flip_rate": 0.5921875238418579,
      "mean_abs_logit_diff": 5.024535655975342,
      "delta_base_pred_logit_mean": -8.26481819152832
    },
    {
      "control": "keep_top4",
      "acc": 0.29218751192092896,
      "flip_rate": 0.700390636920929,
      "mean_abs_logit_diff": 12.585890769958496,
      "delta_base_pred_logit_mean": -12.241983413696289
    },
    {
      "control": "random_remove4",
      "acc": 0.6871093511581421,
      "flip_rate": 0.17265625298023224,
      "mean_abs_logit_diff": 1.2816575765609741,
      "delta_base_pred_logit_mean": -0.9011123180389404
    },
    {
      "control": "remove_top8",
      "acc": 0.2691406309604645,
      "flip_rate": 0.684374988079071,
      "mean_abs_logit_diff": 6.871470928192139,
      "delta_base_pred_logit_mean": -11.223994255065918
    },
    {
      "control": "keep_top8",
      "acc": 0.3773437440395355,
      "flip_rate": 0.60546875,
      "mean_abs_logit_diff": 7.001746654510498,
      "delta_base_pred_logit_mean": -6.429558277130127
    },
    {
      "control": "random_remove8",
      "acc": 0.5855468511581421,
      "flip_rate": 0.3089843690395355,
      "mean_abs_logit_diff": 2.4351694583892822,
      "delta_base_pred_logit_mean": -2.5121607780456543
    },
    {
      "control": "remove_top16",
      "acc": 0.19804687798023224,
      "flip_rate": 0.787109375,
      "mean_abs_logit_diff": 9.175359725952148,
      "delta_base_pred_logit_mean": -14.772403717041016
    },
    {
      "control": "keep_top16",
      "acc": 0.5390625,
      "flip_rate": 0.40507811307907104,
      "mean_abs_logit_diff": 2.8349366188049316,
      "delta_base_pred_logit_mean": -1.7015856504440308
    },
    {
      "control": "random_remove16",
      "acc": 0.3792968690395355,
      "flip_rate": 0.56640625,
      "mean_abs_logit_diff": 5.197229385375977,
      "delta_base_pred_logit_mean": -6.9017558097839355
    }
  ],
  "missing": [],
  "unexpected": []
}
