{
  "data_dir": "/home/maxwelhelp/Рабочий стол/jetclass_tiny_balanced",
  "n_files": 10,
  "files": [
    {
      "file": "/home/maxwelhelp/Рабочий стол/jetclass_tiny_balanced/HToBB_000.root",
      "tree": "tree;1",
      "num_entries": 100000,
      "branches": [
        "part_px",
        "part_py",
        "part_pz",
        "part_energy",
        "part_deta",
        "part_dphi",
        "part_d0val",
        "part_d0err",
        "part_dzval",
        "part_dzerr",
        "part_charge",
        "part_isChargedHadron",
        "part_isNeutralHadron",
        "part_isPhoton",
        "part_isElectron",
        "part_isMuon",
        "label_QCD",
        "label_Hbb",
        "label_Hcc",
        "label_Hgg",
        "label_H4q",
        "label_Hqql",
        "label_Zqq",
        "label_Wqq",
        "label_Tbqq",
        "label_Tbl",
        "jet_pt",
        "jet_eta",
        "jet_phi",
        "jet_energy",
        "jet_nparticles",
        "jet_sdmass",
        "jet_tau1",
        "jet_tau2",
        "jet_tau3",
        "jet_tau4",
        "aux_genpart_eta",
        "aux_genpart_phi",
        "aux_genpart_pid",
        "aux_genpart_pt",
        "aux_truth_match"
      ],
      "groups": {
        "part": [
          "part_px",
          "part_py",
          "part_pz",
          "part_energy",
          "part_deta",
          "part_dphi",
          "part_d0val",
          "part_d0err",
          "part_dzval",
          "part_dzerr",
          "part_charge",
          "part_isChargedHadron",
          "part_isNeutralHadron",
          "part_isPhoton",
          "part_isElectron",
          "part_isMuon"
        ],
        "sv": [],
        "label": [
          "label_QCD",
          "label_Hbb",
          "label_Hcc",
          "label_Hgg",
          "label_H4q",
          "label_Hqql",
          "label_Zqq",
          "label_Wqq",
          "label_Tbqq",
          "label_Tbl"
        ],
        "jet": [
          "jet_pt",
          "jet_eta",
          "jet_phi",
          "jet_energy",
          "jet_nparticles",
          "jet_sdmass",
          "jet_tau1",
          "jet_tau2",
          "jet_tau3",
          "jet_tau4"
        ],
        "weight": []
      },
      "sample": {
        "part_px": {
          "type": "3 * var * float32",
          "preview": "[[75, 71.9, 50.2, 44.9, 32.8, 20.3, ..., 1.35, 1.22, 1.18, 0.84, 0.978, 0.758]]"
        },
        "part_py": {
          "type": "3 * var * float32",
          "preview": "[[-138, -131, -92.8, -82.9, -50.4, -35.9, ..., -1.9, -1.69, -1.6, -1.27, -1.25]]"
        },
        "part_pz": {
          "type": "3 * var * float32",
          "preview": "[[-80.9, -78.3, -64.5, -56.4, -58.4, ..., -1.88, -1.62, -1.13, -1.26, -1.27]]"
        },
        "part_energy": {
          "type": "3 * var * float32",
          "preview": "[[177, 169, 124, 110, 83.8, 46.4, ..., 3.31, 2.94, 2.62, 2.13, 2.04, 1.94]]"
        },
        "part_deta": {
          "type": "3 * var * float32",
          "preview": "[[-0.103, -0.0953, -0.0191, -0.0295, 0.264, ..., 0.124, -0.00583, 0.127, 0.186]]"
        },
        "part_dphi": {
          "type": "3 * var * float32",
          "preview": "[[-0.0227, -0.0185, -0.0231, -0.0232, ..., 0.0887, -0.0348, 0.137, 0.0248]]"
        },
        "part_d0val": {
          "type": "3 * var * float32",
          "preview": "[[-0.0951, 0, 0, 0, 0, 0.121, -0.00535, 0.159, ..., 0.112, 0, 0, 0, 0, 0, 0, 0]]"
        },
        "part_d0err": {
          "type": "3 * var * float32",
          "preview": "[[0.011, 0, 0, 0, 0, 0.0116, 0.013, 0.0116, ..., 0.0452, 0, 0, 0, 0, 0, 0, 0]]"
        },
        "part_dzval": {
          "type": "3 * var * float32",
          "preview": "[[0.0849, 0, 0, 0, 0, 0.0143, 0.032, 0.0179, ..., 0.00373, 0, 0, 0, 0, 0, 0, 0]]"
        },
        "part_dzerr": {
          "type": "3 * var * float32",
          "preview": "[[0.0318, 0, 0, 0, 0, 0.0316, 0.0316, 0.0348, ..., 0.0684, 0, 0, 0, 0, 0, 0, 0]]"
        },
        "part_charge": {
          "type": "3 * var * float32",
          "preview": "[[1, 0, 0, 0, 0, 1, 1, -1, 1, 1, 0, -1, ..., 0, -1, 0, 1, 0, 0, 0, 0, 0, 0, 0]]"
        },
        "part_isChargedHadron": {
          "type": "3 * var * int32",
          "preview": "[[0, 0, 0, 0, 0, 1, 1, 1, 1, 1, 0, 1, ..., 0, 0, 1, 0, 1, 0, 0, 0, 0, 0, 0, 0]]"
        },
        "label_QCD": {
          "type": "3 * float32",
          "preview": "[0]"
        },
        "label_Hbb": {
          "type": "3 * bool",
          "preview": "[True]"
        },
        "label_Hcc": {
          "type": "3 * bool",
          "preview": "[False]"
        },
        "label_Hgg": {
          "type": "3 * bool",
          "preview": "[False]"
        },
        "label_H4q": {
          "type": "3 * bool",
          "preview": "[False]"
        },
        "label_Hqql": {
          "type": "3 * bool",
          "preview": "[False]"
        },
        "label_Zqq": {
          "type": "3 * int32",
          "preview": "[0]"
        },
        "label_Wqq": {
          "type": "3 * int32",
          "preview": "[0]"
        },
        "label_Tbqq": {
          "type": "3 * int32",
          "preview": "[0]"
        },
        "label_Tbl": {
          "type": "3 * int32",
          "preview": "[0]"
        },
        "jet_pt": {
          "type": "3 * float32",
          "preview": "[856]"
        },
        "jet_eta": {
          "type": "3 * float32",
          "preview": "[-0.597]"
        },
        "jet_phi": {
          "type": "3 * float32",
          "preview": "[-1.05]"
        },
        "jet_energy": {
          "type": "3 * float32",
          "preview": "[1.02e+03]"
        },
        "jet_nparticles": {
          "type": "3 * float32",
          "preview": "[33]"
        },
        "jet_sdmass": {
          "type": "3 * float32",
          "preview": "[118]"
        },
        "jet_tau1": {
          "type": "3 * float32",
          "preview": "[0.12]"
        },
        "jet_tau2": {
          "type": "3 * float32",
          "preview": "[0.0418]"
        },
        "jet_tau3": {
          "type": "3 * float32",
          "preview": "[0.019]"
        },
        "jet_tau4": {
          "type": "3 * float32",
          "preview": "[0.0154]"
        }
      }
    },
    {
      "file": "/home/maxwelhelp/Рабочий стол/jetclass_tiny_balanced/HToCC_000.root",
      "tree": "tree;1",
      "num_entries": 100000,
      "branches": [
        "part_px",
        "part_py",
        "part_pz",
        "part_energy",
        "part_deta",
        "part_dphi",
        "part_d0val",
        "part_d0err",
        "part_dzval",
        "part_dzerr",
        "part_charge",
        "part_isChargedHadron",
        "part_isNeutralHadron",
        "part_isPhoton",
        "part_isElectron",
        "part_isMuon",
        "label_QCD",
        "label_Hbb",
        "label_Hcc",
        "label_Hgg",
        "label_H4q",
        "label_Hqql",
        "label_Zqq",
        "label_Wqq",
        "label_Tbqq",
        "label_Tbl",
        "jet_pt",
        "jet_eta",
        "jet_phi",
        "jet_energy",
        "jet_nparticles",
        "jet_sdmass",
        "jet_tau1",
        "jet_tau2",
        "jet_tau3",
        "jet_tau4",
        "aux_genpart_eta",
        "aux_genpart_phi",
        "aux_genpart_pid",
        "aux_genpart_pt",
        "aux_truth_match"
      ],
      "groups": {
        "part": [
          "part_px",
          "part_py",
          "part_pz",
          "part_energy",
          "part_deta",
          "part_dphi",
          "part_d0val",
          "part_d0err",
          "part_dzval",
          "part_dzerr",
          "part_charge",
          "part_isChargedHadron",
          "part_isNeutralHadron",
          "part_isPhoton",
          "part_isElectron",
          "part_isMuon"
        ],
        "sv": [],
        "label": [
          "label_QCD",
          "label_Hbb",
          "label_Hcc",
          "label_Hgg",
          "label_H4q",
          "label_Hqql",
          "label_Zqq",
          "label_Wqq",
          "label_Tbqq",
          "label_Tbl"
        ],
        "jet": [
          "jet_pt",
          "jet_eta",
          "jet_phi",
          "jet_energy",
          "jet_nparticles",
          "jet_sdmass",
          "jet_tau1",
          "jet_tau2",
          "jet_tau3",
          "jet_tau4"
        ],
        "weight": []
      },
      "sample": {
        "part_px": {
          "type": "3 * var * float32",
          "preview": "[[204, 209, 22.4, 12.9, 12.8, 9.31, ..., 1.3, 1.23, 1.14, 1.22, 1.05, 0.86]]"
        },
        "part_py": {
          "type": "3 * var * float32",
          "preview": "[[-90.5, -76.5, -8.23, -4.98, -4.71, ..., -0.895, -0.94, -0.78, -0.859, -0.706]]"
        },
        "part_pz": {
          "type": "3 * var * float32",
          "preview": "[[6.33, 7.13, 0.629, 0.48, 0.409, ..., -0.449, 0.0412, -0.416, -0.36, -0.506]]"
        },
        "part_energy": {
          "type": "3 * var * float32",
          "preview": "[[223, 222, 23.9, 13.8, 13.6, 13.4, ..., 1.69, 1.59, 1.48, 1.51, 1.4, 1.22]]"
        },
        "part_deta": {
          "type": "3 * var * float32",
          "preview": "[[-0.0297, -0.0334, -0.0277, -0.036, ..., -0.0292, 0.282, 0.261, 0.439]]"
        },
        "part_dphi": {
          "type": "3 * var * float32",
          "preview": "[[-0.00216, 0.0639, 0.0638, 0.0465, ..., -0.275, -0.153, -0.271, -0.272]]"
        },
        "part_d0val": {
          "type": "3 * var * float32",
          "preview": "[[0, 0, 0.0426, 0, 0.0198, 0.0345, 0.014, 0, ..., 0, 0, 0, 0, 0.00841, 0, 0, 0]]"
        },
        "part_d0err": {
          "type": "3 * var * float32",
          "preview": "[[0, 0, 0.013, 0, 0.0143, 0.0164, 0.0164, 0, ..., 0, 0, 0, 0, 0.0524, 0, 0, 0]]"
        },
        "part_dzval": {
          "type": "3 * var * float32",
          "preview": "[[0, 0, -0.0549, 0, 0.026, -0.0133, -0.0406, 0, ..., 0, 0, 0, 0.0724, 0, 0, 0]]"
        },
        "part_dzerr": {
          "type": "3 * var * float32",
          "preview": "[[0, 0, 0.0316, 0, 0.0316, 0.035, 0.035, 0, ..., 0, 0, 0, 0, 0.0786, 0, 0, 0]]"
        },
        "part_charge": {
          "type": "3 * var * float32",
          "preview": "[[0, 0, 1, 0, -1, 1, 1, 0, 1, 1, 1, -1, ..., 0, 0, -1, 0, 0, 0, 0, -1, 0, 0, 0]]"
        },
        "part_isChargedHadron": {
          "type": "3 * var * int32",
          "preview": "[[0, 0, 1, 0, 1, 1, 1, 0, 0, 1, 1, 1, ..., 1, 0, 0, 1, 0, 0, 0, 0, 1, 0, 0, 0]]"
        },
        "label_QCD": {
          "type": "3 * float32",
          "preview": "[0]"
        },
        "label_Hbb": {
          "type": "3 * bool",
          "preview": "[False]"
        },
        "label_Hcc": {
          "type": "3 * bool",
          "preview": "[True]"
        },
        "label_Hgg": {
          "type": "3 * bool",
          "preview": "[False]"
        },
        "label_H4q": {
          "type": "3 * bool",
          "preview": "[False]"
        },
        "label_Hqql": {
          "type": "3 * bool",
          "preview": "[False]"
        },
        "label_Zqq": {
          "type": "3 * int32",
          "preview": "[0]"
        },
        "label_Wqq": {
          "type": "3 * int32",
          "preview": "[0]"
        },
        "label_Tbqq": {
          "type": "3 * int32",
          "preview": "[0]"
        },
        "label_Tbl": {
          "type": "3 * int32",
          "preview": "[0]"
        },
        "jet_pt": {
          "type": "3 * float32",
          "preview": "[601]"
        },
        "jet_eta": {
          "type": "3 * float32",
          "preview": "[-0.00132]"
        },
        "jet_phi": {
          "type": "3 * float32",
          "preview": "[-0.415]"
        },
        "jet_energy": {
          "type": "3 * float32",
          "preview": "[615]"
        },
        "jet_nparticles": {
          "type": "3 * float32",
          "preview": "[28]"
        },
        "jet_sdmass": {
          "type": "3 * float32",
          "preview": "[122]"
        },
        "jet_tau1": {
          "type": "3 * float32",
          "preview": "[0.118]"
        },
        "jet_tau2": {
          "type": "3 * float32",
          "preview": "[0.0589]"
        },
        "jet_tau3": {
          "type": "3 * float32",
          "preview": "[0.0276]"
        },
        "jet_tau4": {
          "type": "3 * float32",
          "preview": "[0.0235]"
        }
      }
    },
    {
      "file": "/home/maxwelhelp/Рабочий стол/jetclass_tiny_balanced/HToGG_000.root",
      "tree": "tree;1",
      "num_entries": 100000,
      "branches": [
        "part_px",
        "part_py",
        "part_pz",
        "part_energy",
        "part_deta",
        "part_dphi",
        "part_d0val",
        "part_d0err",
        "part_dzval",
        "part_dzerr",
        "part_charge",
        "part_isChargedHadron",
        "part_isNeutralHadron",
        "part_isPhoton",
        "part_isElectron",
        "part_isMuon",
        "label_QCD",
        "label_Hbb",
        "label_Hcc",
        "label_Hgg",
        "label_H4q",
        "label_Hqql",
        "label_Zqq",
        "label_Wqq",
        "label_Tbqq",
        "label_Tbl",
        "jet_pt",
        "jet_eta",
        "jet_phi",
        "jet_energy",
        "jet_nparticles",
        "jet_sdmass",
        "jet_tau1",
        "jet_tau2",
        "jet_tau3",
        "jet_tau4",
        "aux_genpart_eta",
        "aux_genpart_phi",
        "aux_genpart_pid",
        "aux_genpart_pt",
        "aux_truth_match"
      ],
      "groups": {
        "part": [
          "part_px",
          "part_py",
          "part_pz",
          "part_energy",
          "part_deta",
          "part_dphi",
          "part_d0val",
          "part_d0err",
          "part_dzval",
          "part_dzerr",
          "part_charge",
          "part_isChargedHadron",
          "part_isNeutralHadron",
          "part_isPhoton",
          "part_isElectron",
          "part_isMuon"
        ],
        "sv": [],
        "label": [
          "label_QCD",
          "label_Hbb",
          "label_Hcc",
          "label_Hgg",
          "label_H4q",
          "label_Hqql",
          "label_Zqq",
          "label_Wqq",
          "label_Tbqq",
          "label_Tbl"
        ],
        "jet": [
          "jet_pt",
          "jet_eta",
          "jet_phi",
          "jet_energy",
          "jet_nparticles",
          "jet_sdmass",
          "jet_tau1",
          "jet_tau2",
          "jet_tau3",
          "jet_tau4"
        ],
        "weight": []
      },
      "sample": {
        "part_px": {
          "type": "3 * var * float32",
          "preview": "[[42.4, 36, 27, 24.9, 14.2, 12.2, ..., 0.359, 1.13, 0.411, 0.927, 0.871, 0.46]]"
        },
        "part_py": {
          "type": "3 * var * float32",
          "preview": "[[-202, -135, -102, -95.2, -55.4, ..., -1.68, -1.85, -1.63, -1.39, -1.16]]"
        },
        "part_pz": {
          "type": "3 * var * float32",
          "preview": "[[-223, -152, -112, -107, -61.2, -52.5, ..., -4.24, -1.97, -4.16, -2.69, -1.14]]"
        },
        "part_energy": {
          "type": "3 * var * float32",
          "preview": "[[304, 206, 154, 145, 83.8, 72.1, 68.2, ..., 3.26, 4.7, 2.73, 4.56, 3.15, 1.69]]"
        },
        "part_deta": {
          "type": "3 * var * float32",
          "preview": "[[-0.0375, -0.0342, -0.0511, -0.0364, ..., -0.0683, 0.562, 0.296, -0.159]]"
        },
        "part_dphi": {
          "type": "3 * var * float32",
          "preview": "[[-0.0498, 0.00434, 0.00196, -0.000478, ..., -0.0382, 0.261, 0.304, 0.121]]"
        },
        "part_d0val": {
          "type": "3 * var * float32",
          "preview": "[[0, 0.00264, 0, 0.011, -0.00764, 0.0013, -0.0103, ..., 0, 0, 0, 0, 0.0311, 0]]"
        },
        "part_d0err": {
          "type": "3 * var * float32",
          "preview": "[[0, 0.0095, 0, 0.0088, 0.0101, 0.0108, 0.0101, ..., 0, 0, 0, 0, 0, 0.0399, 0]]"
        },
        "part_dzval": {
          "type": "3 * var * float32",
          "preview": "[[0, 0.0223, 0, -0.00818, -0.0153, 0.00371, ..., 0, 0, 0, 0, -0.0535, 0]]"
        },
        "part_dzerr": {
          "type": "3 * var * float32",
          "preview": "[[0, 0.031, 0, 0.0309, 0.0342, 0.0377, 0.0342, ..., 0, 0, 0, 0, 0, 0.0805, 0]]"
        },
        "part_charge": {
          "type": "3 * var * float32",
          "preview": "[[0, -1, 0, 1, -1, 1, -1, 0, 1, 1, 0, 0, ..., 0, 0, 0, -1, 0, 0, 0, 0, 0, 1, 0]]"
        },
        "part_isChargedHadron": {
          "type": "3 * var * int32",
          "preview": "[[0, 1, 0, 1, 1, 1, 1, 0, 1, 1, 0, 0, ..., 0, 0, 0, 0, 1, 0, 0, 0, 0, 0, 1, 0]]"
        },
        "label_QCD": {
          "type": "3 * float32",
          "preview": "[0]"
        },
        "label_Hbb": {
          "type": "3 * bool",
          "preview": "[False]"
        },
        "label_Hcc": {
          "type": "3 * bool",
          "preview": "[False]"
        },
        "label_Hgg": {
          "type": "3 * bool",
          "preview": "[True]"
        },
        "label_H4q": {
          "type": "3 * bool",
          "preview": "[False]"
        },
        "label_Hqql": {
          "type": "3 * bool",
          "preview": "[False]"
        },
        "label_Zqq": {
          "type": "3 * int32",
          "preview": "[0]"
        },
        "label_Wqq": {
          "type": "3 * int32",
          "preview": "[0]"
        },
        "label_Tbqq": {
          "type": "3 * int32",
          "preview": "[0]"
        },
        "label_Tbl": {
          "type": "3 * int32",
          "preview": "[0]"
        },
        "jet_pt": {
          "type": "3 * float32",
          "preview": "[923]"
        },
        "jet_eta": {
          "type": "3 * float32",
          "preview": "[-0.976]"
        },
        "jet_phi": {
          "type": "3 * float32",
          "preview": "[-1.31]"
        },
        "jet_energy": {
          "type": "3 * float32",
          "preview": "[1.4e+03]"
        },
        "jet_nparticles": {
          "type": "3 * float32",
          "preview": "[34]"
        },
        "jet_sdmass": {
          "type": "3 * float32",
          "preview": "[22.1]"
        },
        "jet_tau1": {
          "type": "3 * float32",
          "preview": "[0.0714]"
        },
        "jet_tau2": {
          "type": "3 * float32",
          "preview": "[0.035]"
        },
        "jet_tau3": {
          "type": "3 * float32",
          "preview": "[0.0212]"
        },
        "jet_tau4": {
          "type": "3 * float32",
          "preview": "[0.0172]"
        }
      }
    },
    {
      "file": "/home/maxwelhelp/Рабочий стол/jetclass_tiny_balanced/HToWW2Q1L_000.root",
      "tree": "tree;1",
      "num_entries": 100000,
      "branches": [
        "part_px",
        "part_py",
        "part_pz",
        "part_energy",
        "part_deta",
        "part_dphi",
        "part_d0val",
        "part_d0err",
        "part_dzval",
        "part_dzerr",
        "part_charge",
        "part_isChargedHadron",
        "part_isNeutralHadron",
        "part_isPhoton",
        "part_isElectron",
        "part_isMuon",
        "label_QCD",
        "label_Hbb",
        "label_Hcc",
        "label_Hgg",
        "label_H4q",
        "label_Hqql",
        "label_Zqq",
        "label_Wqq",
        "label_Tbqq",
        "label_Tbl",
        "jet_pt",
        "jet_eta",
        "jet_phi",
        "jet_energy",
        "jet_nparticles",
        "jet_sdmass",
        "jet_tau1",
        "jet_tau2",
        "jet_tau3",
        "jet_tau4",
        "aux_genpart_eta",
        "aux_genpart_phi",
        "aux_genpart_pid",
        "aux_genpart_pt",
        "aux_truth_match"
      ],
      "groups": {
        "part": [
          "part_px",
          "part_py",
          "part_pz",
          "part_energy",
          "part_deta",
          "part_dphi",
          "part_d0val",
          "part_d0err",
          "part_dzval",
          "part_dzerr",
          "part_charge",
          "part_isChar
