{
  "pred_dir": "/home/maxwelhelp/Рабочий стол/matrix_unified_system_particals/runs/official_part_wrapped_ckpt_v9_kinpid",
  "n_files": 10,
  "files": [
    {
      "file": "/home/maxwelhelp/Рабочий стол/matrix_unified_system_particals/runs/official_part_wrapped_ckpt_v9_kinpid/pred_HToBB.root",
      "sample": "HToBB",
      "tree": "Events;1",
      "entries": 100000,
      "score_branches": [
        "score_label_QCD",
        "score_label_Hbb",
        "score_label_Hcc",
        "score_label_Hgg",
        "score_label_H4q",
        "score_label_Hqql",
        "score_label_Zqq",
        "score_label_Wqq",
        "score_label_Tbqq",
        "score_label_Tbl"
      ],
      "acc_by_filename": 0.00279,
      "acc_by_label_branches": 0.00279,
      "acc_by__label_": 0.00279,
      "pred_counts": [
        81008,
        279,
        998,
        110,
        1164,
        81,
        13138,
        2668,
        21,
        533
      ],
      "label_branch_counts": [
        0,
        100000,
        0,
        0,
        0,
        0,
        0,
        0,
        0,
        0
      ],
      "_label_counts": [
        0,
        100000,
        0,
        0,
        0,
        0,
        0,
        0,
        0,
        0
      ],
      "filename_label": "label_Hbb"
    },
    {
      "file": "/home/maxwelhelp/Рабочий стол/matrix_unified_system_particals/runs/official_part_wrapped_ckpt_v9_kinpid/pred_HToCC.root",
      "sample": "HToCC",
      "tree": "Events;1",
      "entries": 100000,
      "score_branches": [
        "score_label_QCD",
        "score_label_Hbb",
        "score_label_Hcc",
        "score_label_Hgg",
        "score_label_H4q",
        "score_label_Hqql",
        "score_label_Zqq",
        "score_label_Wqq",
        "score_label_Tbqq",
        "score_label_Tbl"
      ],
      "acc_by_filename": 0.00907,
      "acc_by_label_branches": 0.00907,
      "acc_by__label_": 0.00907,
      "pred_counts": [
        76987,
        292,
        907,
        63,
        824,
        20,
        17137,
        3632,
        9,
        129
      ],
      "label_branch_counts": [
        0,
        0,
        100000,
        0,
        0,
        0,
        0,
        0,
        0,
        0
      ],
      "_label_counts": [
        0,
        0,
        100000,
        0,
        0,
        0,
        0,
        0,
        0,
        0
      ],
      "filename_label": "label_Hcc"
    },
    {
      "file": "/home/maxwelhelp/Рабочий стол/matrix_unified_system_particals/runs/official_part_wrapped_ckpt_v9_kinpid/pred_HToGG.root",
      "sample": "HToGG",
      "tree": "Events;1",
      "entries": 100000,
      "score_branches": [
        "score_label_QCD",
        "score_label_Hbb",
        "score_label_Hcc",
        "score_label_Hgg",
        "score_label_H4q",
        "score_label_Hqql",
        "score_label_Zqq",
        "score_label_Wqq",
        "score_label_Tbqq",
        "score_label_Tbl"
      ],
      "acc_by_filename": 0.00011,
      "acc_by_label_branches": 0.00011,
      "acc_by__label_": 0.00011,
      "pred_counts": [
        81302,
        36,
        2969,
        11,
        3882,
        2,
        11362,
        395,
        31,
        10
      ],
      "label_branch_counts": [
        0,
        0,
        0,
        100000,
        0,
        0,
        0,
        0,
        0,
        0
      ],
      "_label_counts": [
        0,
        0,
        0,
        100000,
        0,
        0,
        0,
        0,
        0,
        0
      ],
      "filename_label": "label_Hgg"
    },
    {
      "file": "/home/maxwelhelp/Рабочий стол/matrix_unified_system_particals/runs/official_part_wrapped_ckpt_v9_kinpid/pred_HToWW2Q1L.root",
      "sample": "HToWW2Q1L",
      "tree": "Events;1",
      "entries": 100000,
      "score_branches": [
        "score_label_QCD",
        "score_label_Hbb",
        "score_label_Hcc",
        "score_label_Hgg",
        "score_label_H4q",
        "score_label_Hqql",
        "score_label_Zqq",
        "score_label_Wqq",
        "score_label_Tbqq",
        "score_label_Tbl"
      ],
      "acc_by_filename": 0.00427,
      "acc_by_label_branches": 0.00427,
      "acc_by__label_": 0.00427,
      "pred_counts": [
        40158,
        3384,
        8171,
        258,
        1024,
        427,
        44729,
        1102,
        52,
        695
      ],
      "label_branch_counts": [
        0,
        0,
        0,
        0,
        0,
        100000,
        0,
        0,
        0,
        0
      ],
      "_label_counts": [
        0,
        0,
        0,
        0,
        0,
        100000,
        0,
        0,
        0,
        0
      ],
      "filename_label": "label_Hqql"
    },
    {
      "file": "/home/maxwelhelp/Рабочий стол/matrix_unified_system_particals/runs/official_part_wrapped_ckpt_v9_kinpid/pred_HToWW4Q.root",
      "sample": "HToWW4Q",
      "tree": "Events;1",
      "entries": 100000,
      "score_branches": [
        "score_label_QCD",
        "score_label_Hbb",
        "score_label_Hcc",
        "score_label_Hgg",
        "score_label_H4q",
        "score_label_Hqql",
        "score_label_Zqq",
        "score_label_Wqq",
        "score_label_Tbqq",
        "score_label_Tbl"
      ],
      "acc_by_filename": 0.0395,
      "acc_by_label_branches": 0.0395,
      "acc_by__label_": 0.0395,
      "pred_counts": [
        82089,
        37,
        3062,
        44,
        3950,
        1,
        10329,
        469,
        7,
        12
      ],
      "label_branch_counts": [
        0,
        0,
        0,
        0,
        100000,
        0,
        0,
        0,
        0,
        0
      ],
      "_label_counts": [
        0,
        0,
        0,
        0,
        100000,
        0,
        0,
        0,
        0,
        0
      ],
      "filename_label": "label_H4q"
    },
    {
      "file": "/home/maxwelhelp/Рабочий стол/matrix_unified_system_particals/runs/official_part_wrapped_ckpt_v9_kinpid/pred_TTBar.root",
      "sample": "TTBar",
      "tree": "Events;1",
      "entries": 100000,
      "score_branches": [
        "score_label_QCD",
        "score_label_Hbb",
        "score_label_Hcc",
        "score_label_Hgg",
        "score_label_H4q",
        "score_label_Hqql",
        "score_label_Zqq",
        "score_label_Wqq",
        "score_label_Tbqq",
        "score_label_Tbl"
      ],
      "acc_by_filename": 1e-05,
      "acc_by_label_branches": 1e-05,
      "acc_by__label_": 1e-05,
      "pred_counts": [
        98005,
        11,
        65,
        6,
        357,
        4,
        1117,
        426,
        1,
        8
      ],
      "label_branch_counts": [
        0,
        0,
        0,
        0,
        0,
        0,
        0,
        0,
        100000,
        0
      ],
      "_label_counts": [
        0,
        0,
        0,
        0,
        0,
        0,
        0,
        0,
        100000,
        0
      ],
      "filename_label": "label_Tbqq"
    },
    {
      "file": "/home/maxwelhelp/Рабочий стол/matrix_unified_system_particals/runs/official_part_wrapped_ckpt_v9_kinpid/pred_TTBarLep.root",
      "sample": "TTBarLep",
      "tree": "Events;1",
      "entries": 100000,
      "score_branches": [
        "score_label_QCD",
        "score_label_Hbb",
        "score_label_Hcc",
        "score_label_Hgg",
        "score_label_H4q",
        "score_label_Hqql",
        "score_label_Zqq",
        "score_label_Wqq",
        "score_label_Tbqq",
        "score_label_Tbl"
      ],
      "acc_by_filename": 0.03248,
      "acc_by_label_branches": 0.03248,
      "acc_by__label_": 0.03248,
      "pred_counts": [
        52040,
        9528,
        8886,
        245,
        250,
        1839,
        20360,
        3555,
        49,
        3248
      ],
      "label_branch_counts": [
        0,
        0,
        0,
        0,
        0,
        0,
        0,
        0,
        0,
        100000
      ],
      "_label_counts": [
        0,
        0,
        0,
        0,
        0,
        0,
        0,
        0,
        0,
        100000
      ],
      "filename_label": "label_Tbl"
    },
    {
      "file": "/home/maxwelhelp/Рабочий стол/matrix_unified_system_particals/runs/official_part_wrapped_ckpt_v9_kinpid/pred_WToQQ.root",
      "sample": "WToQQ",
      "tree": "Events;1",
      "entries": 100000,
      "score_branches": [
        "score_label_QCD",
        "score_label_Hbb",
        "score_label_Hcc",
        "score_label_Hgg",
        "score_label_H4q",
        "score_label_Hqql",
        "score_label_Zqq",
        "score_label_Wqq",
        "score_label_Tbqq",
        "score_label_Tbl"
      ],
      "acc_by_filename": 0.00421,
      "acc_by_label_branches": 0.00421,
      "acc_by__label_": 0.00421,
      "pred_counts": [
        29815,
        1172,
        7615,
        162,
        509,
        7,
        60062,
        421,
        69,
        168
      ],
      "label_branch_counts": [
        0,
        0,
        0,
        0,
        0,
        0,
        0,
        100000,
        0,
        0
      ],
      "_label_counts": [
        0,
        0,
        0,
        0,
        0,
        0,
        0,
        100000,
        0,
        0
      ],
      "filename_label": "label_Wqq"
    },
    {
      "file": "/home/maxwelhelp/Рабочий стол/matrix_unified_system_particals/runs/official_part_wrapped_ckpt_v9_kinpid/pred_ZJetsToNuNu.root",
      "sample": "ZJetsToNuNu",
      "tree": "Events;1",
      "entries": 100000,
      "score_branches": [
        "score_label_QCD",
        "score_label_Hbb",
        "score_label_Hcc",
        "score_label_Hgg",
        "score_label_H4q",
        "score_label_Hqql",
        "score_label_Zqq",
        "score_label_Wqq",
        "score_label_Tbqq",
        "score_label_Tbl"
      ],
      "acc_by_filename": 0.37526,
      "acc_by_label_branches": 0.37526,
      "acc_by__label_": 0.37526,
      "pred_counts": [
        37526,
        270,
        3047,
        260,
        1486,
        21,
        55993,
        800,
        475,
        122
      ],
      "label_branch_counts": [
        100000,
        0,
        0,
        0,
        0,
        0,
        0,
        0,
        0,
        0
      ],
      "_label_counts": [
        100000,
        0,
        0,
        0,
        0,
        0,
        0,
        0,
        0,
        0
      ],
      "filename_label": "label_QCD"
    },
    {
      "file": "/home/maxwelhelp/Рабочий стол/matrix_unified_system_particals/runs/official_part_wrapped_ckpt_v9_kinpid/pred_ZToQQ.root",
      "sample": "ZToQQ",
      "tree": "Events;1",
      "entries": 100000,
      "score_branches": [
        "score_label_QCD",
        "score_label_Hbb",
        "score_label_Hcc",
        "score_label_Hgg",
        "score_label_H4q",
        "score_label_Hqql",
        "score_label_Zqq",
        "score_label_Wqq",
        "score_label_Tbqq",
        "score_label_Tbl"
      ],
      "acc_by_filename": 0.54459,
      "acc_by_label_branches": 0.54459,
      "acc_by__label_": 0.54459,
      "pred_counts": [
        37335,
        731,
        5424,
        101,
        552,
        27,
        54459,
        893,
        46,
        432
      ],
      "label_branch_counts": [
        0,
        0,
        0,
        0,
        0,
        0,
        100000,
        0,
        0,
        0
      ],
      "_label_counts": [
        0,
        0,
        0,
        0,
        0,
        0,
        100000,
        0,
        0,
        0
      ],
      "filename_label": "label_Zqq"
    }
  ],
  "global": {
    "n": 1000000,
    "pred_counts": [
      616265,
      15740,
      41144,
      1260,
      13998,
      2429,
      288686,
      14361,
      760,
      5357
    ],
    "by_filename": {
      "acc": 0.101229,
      "counts": [
        100000,
        100000,
        100000,
        100000,
        100000,
        100000,
        100000,
        100000,
        100000,
        100000
      ],
      "confusion": [
        [
          37526,
          270,
          3047,
          260,
          1486,
          21,
          55993,
          800,
          475,
          122
        ],
        [
          81008,
          279,
          998,
          110,
          1164,
          81,
          13138,
          2668,
          21,
          533
        ],
        [
          76987,
          292,
          907,
          63,
          824,
          20,
          17137,
          3632,
          9,
          129
        ],
        [
          81302,
          36,
          2969,
          11,
          3882,
          2,
          11362,
          395,
          31,
          10
        ],
        [
          82089,
          37,
          3062,
          44,
          3950,
          1,
          10329,
          469,
          7,
          12
        ],
        [
          40158,
          3384,
          8171,
          258,
          1024,
          427,
          44729,
          1102,
          52,
          695
        ],
        [
          37335,
          731,
          5424,
          101,
          552,
          27,
          54459,
          893,
          46,
          432
        ],
        [
          29815,
          1172,
          7615,
          162,
          509,
          7,
          60062,
          421,
          69,
          168
        ],
        [
          98005,
          11,
          65,
          6,
          357,
          4,
          1117,
          426,
          1,
          8
        ],
        [
          52040,
          9528,
          8886,
          245,
          250,
          1839,
          20360,
          3555,
          49,
          3248
        ]
      ],
      "label_perm_upper_greedy": 0.151608
    },
    "by_label_branches": {
      "acc": 0.101229,
      "counts": [
        100000,
        100000,
        100000,
        100000,
        100000,
        100000,
        100000,
        100000,
        100000,
        100000
      ],
      "confusion": [
        [
          37526,
          270,
          3047,
          260,
          1486,
          21,
          55993,
          800,
          475,
          122
        ],
        [
          81008,
          279,
          998,
          110,
          1164,
          81,
          13138,
          2668,
          21,
          533
        ],
        [
          76987,
          292,
          907,
          63,
          824,
          20,
          17137,
          3632,
          9,
          129
        ],
        [
          81302,
          36,
          2969,
          11,
          3882,
          2,
          11362,
          395,
          31,
          10
        ],
        [
          82089,
          37,
          3062,
          44,
          3950,
          1,
          10329,
          469,
          7,
          12
        ],
        [
          40158,
          3384,
          8171,
          258,
          1024,
          427,
          44729,
          1102,
          52,
          695
        ],
        [
          37335,
          731,
          5424,
          101,
          552,
          27,
          54459,
          893,
          46,
          432
        ],
        [
          29815,
          1172,
          7615,
          162,
          509,
          7,
          60062,
          421,
          69,
          168
        ],
        [
          98005,
          11,
          65,
          6,
          357,
          4,
          1117,
          426,
          1,
          8
        ],
        [
          52040,
          9528,
          8886,
          245,
          250,
          1839,
          20360,
          3555,
          49,
          3248
        ]
      ],
      "label_perm_upper_greedy": 0.151608
    },
    "by__label_": {
      "acc": 0.101229,
      "counts": [
        100000,
        100000,
        100000,
        100000,
        100000,
        100000,
        100000,
        100000,
        100000,
        100000
      ],
      "confusion": [
        [
          37526,
          270,
          3047,
          260,
          1486,
          21,
          55993,
          800,
          475,
          122
        ],
        [
          81008,
          279,
          998,
          110,
          1164,
          81,
          13138,
          2668,
          21,
          533
        ],
        [
          76987,
          292,
          907,
          63,
          824,
          20,
          17137,
          3632,
          9,
          129
        ],
        [
          81302,
          36,
          2969,
          11,
          3882,
          2,
          11362,
          395,
          31,
          10
        ],
        [
          82089,
          37,
          3062,
          44,
          3950,
          1,
          10329,
          469,
          7,
          12
        ],
        [
          40158,
          3384,
          8171,
          258,
          1024,
          427,
          44729,
          1102,
          52,
          695
        ],
        [
          37335,
          731,
          5424,
          101,
          552,
          27,
          54459,
          893,
          46,
          432
        ],
        [
          29815,
          1172,
          7615,
          162,
          509,
          7,
          60062,
          421,
          69,
          168
        ],
        [
          98005,
          11,
          65,
          6,
          357,
          4,
          1117,
          426,
          1,
          8
        ],
        [
          52040,
          9528,
          8886,
          245,
          250,
          1839,
          20360,
          3555,
          49,
          3248
        ]
      ],
      "label_perm_upper_greedy": 0.151608
    },
    "first_branches": [
      "label_QCD",
      "score_label_QCD",
      "label_Hbb",
      "score_label_Hbb",
      "label_Hcc",
      "score_label_Hcc",
      "label_Hgg",
      "score_label_Hgg",
      "label_H4q",
      "score_label_H4q",
      "label_Hqql",
      "score_label_Hqql",
      "label_Zqq",
      "score_label_Zqq",
      "label_Wqq",
      "score_label_Wqq",
      "label_Tbqq",
      "score_label_Tbqq",
      "label_Tbl",
      "score_label_Tbl",
      "_label_",
      "jet_pt",
      "jet_eta",
      "jet_phi",
      "jet_energy",
      "jet_nparticles",
      "jet_sdmass",
      "jet_tau1",
      "jet_tau2",
      "jet_tau3",
      "jet_tau4"
    ]
  }
}
