{
  "ok": true,
  "checkpoint": "local_checkpoints/part/ParticleNet_kinpid.pt",
  "mode": "kinpid",
  "samples_per_file": 256,
  "max_files": 20,
  "n_events": 2560,
  "baseline_acc": 0.7574218511581421,
  "random_summary": {
    "acc_mean": 0.7574218511581421,
    "pred_flip_rate_mean": 0.0,
    "mean_abs_logit_diff_mean": 4.492736517628752e-07,
    "max_abs_logit_diff_mean": 0.0017989476521809895,
    "delta_base_pred_logit_mean_mean": 9.934107462565105e-08
  },
  "verdict": "ORDER_INVARIANT_OR_NEAR_INVARIANT",
  "summary_rows": [
    {
      "control": "identity",
      "n_events": 2560,
      "baseline_acc": 0.7574218511581421,
      "acc_delta_from_baseline": 0.0,
      "acc": 0.7574218511581421,
      "mean_conf": 0.7632830142974854,
      "pred_flip_rate": 0.0,
      "mean_abs_logit_diff": 0.0,
      "max_abs_logit_diff": 0.0,
      "delta_base_pred_logit_mean": 0.0
    },
    {
      "control": "reverse",
      "n_events": 2560,
      "baseline_acc": 0.7574218511581421,
      "acc_delta_from_baseline": 0.0,
      "acc": 0.7574218511581421,
      "mean_conf": 0.763290524482727,
      "pred_flip_rate": 0.0,
      "mean_abs_logit_diff": 0.00012297864304855466,
      "max_abs_logit_diff": 1.6823511123657227,
      "delta_base_pred_logit_mean": 4.571676254272461e-05
    },
    {
      "control": "particle0_to_end",
      "n_events": 2560,
      "baseline_acc": 0.7574218511581421,
      "acc_delta_from_baseline": 0.0,
      "acc": 0.7574218511581421,
      "mean_conf": 0.7632829546928406,
      "pred_flip_rate": 0.0,
      "mean_abs_logit_diff": 2.1897540136706084e-07,
      "max_abs_logit_diff": 7.62939453125e-06,
      "delta_base_pred_logit_mean": 0.0
    },
    {
      "control": "particle0_to_middle",
      "n_events": 2560,
      "baseline_acc": 0.7574218511581421,
      "acc_delta_from_baseline": 0.0,
      "acc": 0.7574218511581421,
      "mean_conf": 0.7632829546928406,
      "pred_flip_rate": 0.0,
      "mean_abs_logit_diff": 1.9732287626084144e-07,
      "max_abs_logit_diff": 7.62939453125e-06,
      "delta_base_pred_logit_mean": 0.0
    },
    {
      "control": "sort_pt_desc",
      "n_events": 2560,
      "baseline_acc": 0.7574218511581421,
      "acc_delta_from_baseline": 0.0,
      "acc": 0.7574218511581421,
      "mean_conf": 0.7632830142974854,
      "pred_flip_rate": 0.0,
      "mean_abs_logit_diff": 0.0,
      "max_abs_logit_diff": 0.0,
      "delta_base_pred_logit_mean": 0.0
    },
    {
      "control": "sort_pt_asc",
      "n_events": 2560,
      "baseline_acc": 0.7574218511581421,
      "acc_delta_from_baseline": 0.0,
      "acc": 0.7574218511581421,
      "mean_conf": 0.763290524482727,
      "pred_flip_rate": 0.0,
      "mean_abs_logit_diff": 0.0001231690839631483,
      "max_abs_logit_diff": 1.6823511123657227,
      "delta_base_pred_logit_mean": 4.571676254272461e-05
    },
    {
      "control": "random_shuffle_r0",
      "n_events": 2560,
      "baseline_acc": 0.7574218511581421,
      "acc_delta_from_baseline": 0.0,
      "acc": 0.7574218511581421,
      "mean_conf": 0.7632828950881958,
      "pred_flip_rate": 0.0,
      "mean_abs_logit_diff": 8.972622254077578e-07,
      "max_abs_logit_diff": 0.005381584167480469,
      "delta_base_pred_logit_mean": 2.980232238769531e-07
    },
    {
      "control": "random_shuffle_r1",
      "n_events": 2560,
      "baseline_acc": 0.7574218511581421,
      "acc_delta_from_baseline": 0.0,
      "acc": 0.7574218511581421,
      "mean_conf": 0.7632830142974854,
      "pred_flip_rate": 0.0,
      "mean_abs_logit_diff": 2.2708219660216855e-07,
      "max_abs_logit_diff": 7.62939453125e-06,
      "delta_base_pred_logit_mean": 0.0
    },
    {
      "control": "random_shuffle_r2",
      "n_events": 2560,
      "baseline_acc": 0.7574218511581421,
      "acc_delta_from_baseline": 0.0,
      "acc": 0.7574218511581421,
      "mean_conf": 0.7632829546928406,
      "pred_flip_rate": 0.0,
      "mean_abs_logit_diff": 2.234765332786992e-07,
      "max_abs_logit_diff": 7.62939453125e-06,
      "delta_base_pred_logit_mean": 0.0
    }
  ],
  "missing": [],
  "unexpected": []
}
