{
  "ok": true,
  "checkpoint": "local_checkpoints/part/ParticleNet_kinpid.pt",
  "mode": "kinpid",
  "missing": [],
  "unexpected": [],
  "baseline": {
    "n": 2560,
    "acc": 0.7574219107627869,
    "pred_counts": [
      241,
      243,
      220,
      280,
      274,
      255,
      251,
      270,
      273,
      253
    ],
    "true_counts": [
      256,
      256,
      256,
      256,
      256,
      256,
      256,
      256,
      256,
      256
    ]
  },
  "top_patches": [
    {
      "patch": "edge_conv_zero",
      "layer": 1,
      "group": "edge_conv",
      "delta_pred_logit": 246.90663146972656,
      "kl": 91.92713165283203,
      "logit_rel": 29.847553253173828,
      "top1_match": 0.09882812947034836,
      "base_acc": 0.7574219107627869,
      "patch_acc": 0.10000000149011612
    },
    {
      "patch": "edge_conv_zero",
      "layer": 0,
      "group": "edge_conv",
      "delta_pred_logit": 237.104736328125,
      "kl": 19.081390380859375,
      "logit_rel": 28.004953384399414,
      "top1_match": 0.099609375,
      "base_acc": 0.7574219107627869,
      "patch_acc": 0.10000000149011612
    },
    {
      "patch": "features_zero",
      "layer": "input",
      "group": "features_zero",
      "delta_pred_logit": 108.27176666259766,
      "kl": 48.041805267333984,
      "logit_rel": 12.589499473571777,
      "top1_match": 0.09531249850988388,
      "base_acc": 0.7574219107627869,
      "patch_acc": 0.09609375149011612
    },
    {
      "patch": "feature_group_zero",
      "layer": "input",
      "group": "coords_last2",
      "delta_pred_logit": 34.71605682373047,
      "kl": 7.077067852020264,
      "logit_rel": 5.504619598388672,
      "top1_match": 0.140625,
      "base_acc": 0.7574219107627869,
      "patch_acc": 0.14023438096046448
    },
    {
      "patch": "edge_conv_zero",
      "layer": 2,
      "group": "edge_conv",
      "delta_pred_logit": 21.8301944732666,
      "kl": 4.633403301239014,
      "logit_rel": 1.8960020542144775,
      "top1_match": 0.09414062649011612,
      "base_acc": 0.7574219107627869,
      "patch_acc": 0.10000000149011612
    },
    {
      "patch": "feature_group_zero",
      "layer": "input",
      "group": "kin_logs_0_4",
      "delta_pred_logit": 13.756254196166992,
      "kl": 4.430899143218994,
      "logit_rel": 1.1502798795700073,
      "top1_match": 0.1640625,
      "base_acc": 0.7574219107627869,
      "patch_acc": 0.14414063096046448
    },
    {
      "patch": "mask_all_true",
      "layer": "input",
      "group": "mask_all_true",
      "delta_pred_logit": 8.319487571716309,
      "kl": 2.3566534519195557,
      "logit_rel": 1.0454968214035034,
      "top1_match": 0.24296875298023224,
      "base_acc": 0.7574219107627869,
      "patch_acc": 0.23554687201976776
    },
    {
      "patch": "feature_group_zero",
      "layer": "input",
      "group": "pid_charge_5_10",
      "delta_pred_logit": 6.507436752319336,
      "kl": 3.5734386444091797,
      "logit_rel": 0.6314129829406738,
      "top1_match": 0.103515625,
      "base_acc": 0.7574219107627869,
      "patch_acc": 0.10468750447034836
    },
    {
      "patch": "points_zero",
      "layer": "input",
      "group": "points_zero",
      "delta_pred_logit": 1.2280309200286865,
      "kl": 0.3049076199531555,
      "logit_rel": 0.29470187425613403,
      "top1_match": 0.7718750238418579,
      "base_acc": 0.7574219107627869,
      "patch_acc": 0.6734375357627869
    },
    {
      "patch": "fc_zero",
      "layer": 0,
      "group": "fc",
      "delta_pred_logit": 0.8952329158782959,
      "kl": 1.7605549097061157,
      "logit_rel": 0.9996958374977112,
      "top1_match": 0.10664062947034836,
      "base_acc": 0.7574219107627869,
      "patch_acc": 0.10000000149011612
    },
    {
      "patch": "fc_zero",
      "layer": 1,
      "group": "fc",
      "delta_pred_logit": 0.8753885626792908,
      "kl": 1.6415766477584839,
      "logit_rel": 1.0,
      "top1_match": 0.09414062649011612,
      "base_acc": 0.7574219107627869,
      "patch_acc": 0.10000000149011612
    }
  ],
  "examples": [
    {
      "idx": 2117,
      "pred": 0,
      "pred_label": "label_QCD",
      "true": 0,
      "true_label": "label_QCD",
      "conf": 0.9999281167984009,
      "pred_logit": -16.417905807495117,
      "true_logit": -16.417905807495117,
      "drop_edge_conv_zero_1_edge_conv": 228.63775634765625,
      "drop_edge_conv_zero_0_edge_conv": 114.09309387207031,
      "drop_features_zero_input_features_zero": 5.238534927368164,
      "drop_feature_group_zero_input_coords_last2": 8.732532501220703,
      "drop_edge_conv_zero_2_edge_conv": -0.08697509765625,
      "drop_feature_group_zero_input_kin_logs_0_4": -1.190047264099121
    },
    {
      "idx": 2113,
      "pred": 0,
      "pred_label": "label_QCD",
      "true": 0,
      "true_label": "label_QCD",
      "conf": 0.9993353486061096,
      "pred_logit": -1.7375850677490234,
      "true_logit": -1.7375850677490234,
      "drop_edge_conv_zero_1_edge_conv": 243.31809997558594,
      "drop_edge_conv_zero_0_edge_conv": 140.6369171142578,
      "drop_features_zero_input_features_zero": 10.493647575378418,
      "drop_feature_group_zero_input_coords_last2": 30.535337448120117,
      "drop_edge_conv_zero_2_edge_conv": 14.593345642089844,
      "drop_feature_group_zero_input_kin_logs_0_4": 16.479225158691406
    },
    {
      "idx": 2078,
      "pred": 0,
      "pred_label": "label_QCD",
      "true": 0,
      "true_label": "label_QCD",
      "conf": 0.9991573095321655,
      "pred_logit": -6.059333801269531,
      "true_logit": -6.059333801269531,
      "drop_edge_conv_zero_1_edge_conv": 238.996337890625,
      "drop_edge_conv_zero_0_edge_conv": 185.7493896484375,
      "drop_features_zero_input_features_zero": 23.315996170043945,
      "drop_feature_group_zero_input_coords_last2": 8.162755966186523,
      "drop_edge_conv_zero_2_edge_conv": 10.271596908569336,
      "drop_feature_group_zero_input_kin_logs_0_4": 4.312860488891602
    },
    {
      "idx": 246,
      "pred": 1,
      "pred_label": "label_Hbb",
      "true": 1,
      "true_label": "label_Hbb",
      "conf": 0.9978238344192505,
      "pred_logit": -0.041639357805252075,
      "true_logit": -0.041639357805252075,
      "drop_edge_conv_zero_1_edge_conv": 277.3258972167969,
      "drop_edge_conv_zero_0_edge_conv": 244.71316528320312,
      "drop_features_zero_input_features_zero": 86.67711639404297,
      "drop_feature_group_zero_input_coords_last2": 15.878432273864746,
      "drop_edge_conv_zero_2_edge_conv": 19.082000732421875,
      "drop_feature_group_zero_input_kin_logs_0_4": 14.470736503601074
    },
    {
      "idx": 206,
      "pred": 1,
      "pred_label": "label_Hbb",
      "true": 1,
      "true_label": "label_Hbb",
      "conf": 0.9972424507141113,
      "pred_logit": 0.595314085483551,
      "true_logit": 0.595314085483551,
      "drop_edge_conv_zero_1_edge_conv": 277.96282958984375,
      "drop_edge_conv_zero_0_edge_conv": 245.3501434326172,
      "drop_features_zero_input_features_zero": 87.31407165527344,
      "drop_feature_group_zero_input_coords_last2": 17.41710662841797,
      "drop_edge_conv_zero_2_edge_conv": 19.71895408630371,
      "drop_feature_group_zero_input_kin_logs_0_4": 16.16995620727539
    },
    {
      "idx": 52,
      "pred": 1,
      "pred_label": "label_Hbb",
      "true": 1,
      "true_label": "label_Hbb",
      "conf": 0.9963611960411072,
      "pred_logit": -1.8153471946716309,
      "true_logit": -1.8153471946716309,
      "drop_edge_conv_zero_1_edge_conv": 275.55218505859375,
      "drop_edge_conv_zero_0_edge_conv": 242.939453125,
      "drop_features_zero_input_features_zero": 84.90340423583984,
      "drop_feature_group_zero_input_coords_last2": 22.41611671447754,
      "drop_edge_conv_zero_2_edge_conv": 17.308292388916016,
      "drop_feature_group_zero_input_kin_logs_0_4": 14.289587020874023
    },
    {
      "idx": 425,
      "pred": 2,
      "pred_label": "label_Hcc",
      "true": 2,
      "true_label": "label_Hcc",
      "conf": 0.9970899820327759,
      "pred_logit": 2.4434261322021484,
      "true_logit": 2.4434261322021484,
      "drop_edge_conv_zero_1_edge_conv": 271.0202941894531,
      "drop_edge_conv_zero_0_edge_conv": 235.2854461669922,
      "drop_features_zero_input_features_zero": 111.65914916992188,
      "drop_feature_group_zero_input_coords_last2": 16.857925415039062,
      "drop_edge_conv_zero_2_edge_conv": 21.475934982299805,
      "drop_feature_group_zero_input_kin_logs_0_4": 22.483232498168945
    },
    {
      "idx": 333,
      "pred": 2,
      "pred_label": "label_Hcc",
      "true": 2,
      "true_label": "label_Hcc",
      "conf": 0.9881271719932556,
      "pred_logit": 2.373568058013916,
      "true_logit": 2.373568058013916,
      "drop_edge_conv_zero_1_edge_conv": 270.950439453125,
      "drop_edge_conv_zero_0_edge_conv": 235.21559143066406,
      "drop_features_zero_input_features_zero": 111.58928680419922,
      "drop_feature_group_zero_input_coords_last2": 76.23107147216797,
      "drop_edge_conv_zero_2_edge_conv": 21.406076431274414,
      "drop_feature_group_zero_input_kin_logs_0_4": 17.15643310546875
    },
    {
      "idx": 471,
      "pred": 2,
      "pred_label": "label_Hcc",
      "true": 2,
      "true_label": "label_Hcc",
      "conf": 0.9849855899810791,
      "pred_logit": 1.7346460819244385,
      "true_logit": 1.7346460819244385,
      "drop_edge_conv_zero_1_edge_conv": 270.3115539550781,
      "drop_edge_conv_zero_0_edge_conv": 234.57667541503906,
      "drop_features_zero_input_features_zero": 110.95037078857422,
      "drop_feature_group_zero_input_coords_last2": 16.306230545043945,
      "drop_edge_conv_zero_2_edge_conv": 20.767154693603516,
      "drop_feature_group_zero_input_kin_logs_0_4": 12.458595275878906
    },
    {
      "idx": 754,
      "pred": 3,
      "pred_label": "label_Hgg",
      "true": 3,
      "true_label": "label_Hgg",
      "conf": 0.9879035353660583,
      "pred_logit": 0.6643581986427307,
      "true_logit": 0.6643581986427307,
      "drop_edge_conv_zero_1_edge_conv": 337.8021545410156,
      "drop_edge_conv_zero_0_edge_conv": 248.51724243164062,
      "drop_features_zero_input_features_zero": 114.1934814453125,
      "drop_feature_group_zero_input_coords_last2": 20.471294403076172,
      "drop_edge_conv_zero_2_edge_conv": 17.12834358215332,
      "drop_feature_group_zero_input_kin_logs_0_4": 11.876548767089844
    },
    {
      "idx": 555,
      "pred": 3,
      "pred_label": "label_Hgg",
      "true": 3,
      "true_label": "label_Hgg",
      "conf": 0.9755978584289551,
      "pred_logit": 0.7866596579551697,
      "true_logit": 0.7866596579551697,
      "drop_edge_conv_zero_1_edge_conv": 337.9244689941406,
      "drop_edge_conv_zero_0_edge_conv": 248.63958740234375,
      "drop_features_zero_input_features_zero": 114.31578063964844,
      "drop_feature_group_zero_input_coords_last2": 16.46820068359375,
      "drop_edge_conv_zero_2_edge_conv": 17.25064468383789,
      "drop_feature_group_zero_input_kin_logs_0_4": 6.202691555023193
    },
    {
      "idx": 615,
      "pred": 3,
      "pred_label": "label_Hgg",
      "true": 3,
      "true_label": "label_Hgg",
      "conf": 0.9594886898994446,
      "pred_logit": 0.3844149112701416,
      "true_logit": 0.3844149112701416,
      "drop_edge_conv_zero_1_edge_conv": 337.522216796875,
      "drop_edge_conv_zero_0_edge_conv": 248.2373046875,
      "drop_features_zero_input_features_zero": 113.91353607177734,
      "drop_feature_group_zero_input_coords_last2": 19.564712524414062,
      "drop_edge_conv_zero_2_edge_conv": 16.848400115966797,
      "drop_feature_group_zero_input_kin_logs_0_4": 5.871368408203125
    },
    {
      "idx": 1166,
      "pred": 4,
      "pred_label": "label_H4q",
      "true": 4,
      "true_label": "label_H4q",
      "conf": 0.9989914298057556,
      "pred_logit": 3.247354030609131,
      "true_logit": 3.247354030609131,
      "drop_edge_conv_zero_1_edge_conv": 300.5234375,
      "drop_edge_conv_zero_0_edge_conv": 228.03050231933594,
      "drop_features_zero_input_features_zero": 165.08956909179688,
      "drop_feature_group_zero_input_coords_last2": 52.25920867919922,
      "drop_edge_conv_zero_2_edge_conv": 25.356155395507812,
      "drop_feature_group_zero_input_kin_logs_0_4": 12.125288009643555
    },
    {
      "idx": 1034,
      "pred": 4,
      "pred_label": "label_H4q",
      "true": 4,
      "true_label": "label_H4q",
      "conf": 0.9965152740478516,
      "pred_logit": 3.253621816635132,
      "true_logit": 3.253621816635132,
      "drop_edge_conv_zero_1_edge_conv": 300.5296936035156,
      "drop_edge_conv_zero_0_edge_conv": 228.03675842285156,
      "drop_features_zero_input_features_zero": 165.09584045410156,
      "drop_feature_group_zero_input_coords_last2": 39.3082275390625,
      "drop_edge_conv_zero_2_edge_conv": 25.362422943115234,
      "drop_feature_group_zero_input_kin_logs_0_4": 9.566410064697266
    },
    {
      "idx": 1050,
      "pred": 4,
      "pred_label": "label_H4q",
      "true": 4,
      "true_label": "label_H4q",
      "conf": 0.9941601753234863,
      "pred_logit": 2.821122407913208,
      "true_logit": 2.821122407913208,
      "drop_edge_conv_zero_1_edge_conv": 300.0971984863281,
      "drop_edge_conv_zero_0_edge_conv": 227.60426330566406,
      "drop_features_zero_input_features_zero": 164.66334533691406,
      "drop_feature_group_zero_input_coords_last2": 15.750763893127441,
      "drop_edge_conv_zero_2_edge_conv": 24.92992401123047,
      "drop_feature_group_zero_input_kin_logs_0_4": 7.991540908813477
    },
    {
      "idx": 795,
      "pred": 5,
      "pred_label": "label_Hqql",
      "true": 5,
      "true_label": "label_Hqql",
      "conf": 0.9999996423721313,
      "pred_logit": 4.907090663909912,
      "true_logit": 4.907090663909912,
      "drop_edge_conv_zero_1_edge_conv": 167.66256713867188,
      "drop_edge_conv_zero_0_edge_conv": 146.3490447998047,
      "drop_features_zero_input_features_zero": 65.86481475830078,
      "drop_feature_group_zero_input_coords_last2": 18.91716957092285,
      "drop_edge_conv_zero_2_edge_conv": 30.592388153076172,
      "drop_feature_group_zero_input_kin_logs_0_4": 34.25741195678711
    },
    {
      "idx": 855,
      "pred": 5,
      "pred_label": "label_Hqql",
      "true": 5,
      "true_label": "label_Hqql",
      "conf": 0.9999951124191284,
      "pred_logit": 3.175077199935913,
      "true_logit": 3.175077199935913,
      "drop_edge_conv_zero_1_edge_conv": 165.93055725097656,
      "drop_edge_conv_zero_0_edge_conv": 222.6036834716797,
      "drop_features_zero_input_features_zero": 112.98324584960938,
      "drop_feature_group_zero_input_coords_last2": 39.022647857666016,
      "drop_edge_conv_zero_2_edge_conv": 28.860374450683594,
      "drop_feature_group_zero_input_kin_logs_0_4": 27.083248138427734
    },
    {
      "idx": 926,
      "pred": 5,
      "pred_label": "label_Hqql",
      "true": 5,
      "true_label": "label_Hqql",
      "conf": 0.9999943971633911,
      "pred_logit": 4.175199508666992,
      "true_logit": 4.175199508666992,
      "drop_edge_conv_zero_1_edge_conv": 166.93067932128906,
      "drop_edge_conv_zero_0_edge_conv": 223.60379028320312,
      "drop_features_zero_input_features_zero": 113.98336791992188,
      "drop_feature_group_zero_input_coords_last2": 30.04772186279297,
      "drop_edge_conv_zero_2_edge_conv": 29.860496520996094,
      "drop_feature_group_zero_input_kin_logs_0_4": 29.623733520507812
    },
    {
      "idx": 2527,
      "pred": 6,
      "pred_label": "label_Zqq",
      "true": 6,
      "true_label": "label_Zqq",
      "conf": 0.9607760906219482,
      "pred_logit": -2.082850456237793,
      "true_logit": -2.082850456237793,
      "drop_edge_conv_zero_1_edge_conv": 281.64434814453125,
      "drop_edge_conv_zero_0_edge_conv": 248.2119903564453,
      "drop_features_zero_input_features_zero": 114.49052429199219,
      "drop_feature_group_zero_input_coords_last2": 14.710551261901855,
      "drop_edge_conv_zero_2_edge_conv": 16.99679946899414,
      "drop_feature_group_zero_input_kin_logs_0_4": 11.615408897399902
    },
    {
      "idx": 2414,
      "pred": 6,
      "pred_label": "label_Zqq",
      "true": 6,
      "true_label": "label_Zqq",
      "conf": 0.9536870121955872,
      "pred_logit": 1.5763447284698486,
      "true_logit": 1.5763447284698486,
      "drop_edge_conv_zero_1_edge_conv": 285.3035888671875,
      "drop_edge_conv_zero_0_edge_conv": 251.87118530273438,
      "drop_features_zero_input_features_zero": 118.14971923828125,
      "drop_feature_group_zero_input_coords_last2": 50.90066146850586,
      "drop_edge_conv_zero_2_edge_conv": 20.655994415283203,
      "drop_feature_group_zero_input_kin_logs_0_4": 18.10921859741211
    },
    {
      "idx": 2512,
      "pred": 6,
      "pred_label": "label_Zqq",
      "true": 6,
      "true_label": "label_Zqq",
      "conf": 0.9533518552780151,
      "pred_logit": -0.6730688214302063,
      "true_logit": -0.6730688214302063,
      "drop_edge_conv_zero_1_edge_conv": 283.0541687011719,
      "drop_edge_conv_zero_0_edge_conv": 249.62181091308594,
      "drop_features_zero_input_features_zero": 115.90030670166016,
      "drop_feature_group_zero_input_coords_last2": 13.486523628234863,
      "drop_edge_conv_zero_2_edge_conv": 18.406579971313477,
      "drop_feature_group_zero_input_kin_logs_0_4": 9.142123222351074
    },
    {
      "idx": 1968,
      "pred": 7,
      "pred_label": "label_Wqq",
      "true": 7,
      "true_label": "label_Wqq",
      "conf": 0.9745469689369202,
      "pred_logit": 1.0333333015441895,
      "true_logit": 1.0333333015441895,
      "drop_edge_conv_zero_1_edge_conv": 193.02267456054688,
      "drop_edge_conv_zero_0_edge_conv": 239.09153747558594,
      "drop_features_zero_input_features_zero": 106.20655059814453,
      "drop_feature_group_zero_input_coords_last2": 98.07418060302734,
      "drop_edge_conv_zero_2_edge_conv": 21.39503288269043,
      "drop_feature_group_zero_input_kin_logs_0_4": 12.929685592651367
    },
    {
      "idx": 1812,
      "pred": 7,
      "pred_label": "label_Wqq",
      "true": 7,
      "true_label": "label_Wqq",
      "conf": 0.9740322232246399,
      "pred_logit": 0.7448228597640991,
      "true_logit": 0.7448228597640991,
      "drop_edge_conv_zero_1_edge_conv": 192.73416137695312,
      "drop_edge_conv_zero_0_edge_conv": 238.8030548095703,
      "drop_features_zero_input_features_zero": 105.91805267333984,
      "drop_feature_group_zero_input_coords_last2": 43.71139144897461,
      "drop_edge_conv_zero_2_edge_conv": 21.106523513793945,
      "drop_feature_group_zero_input_kin_logs_0_4": 13.980262756347656
    },
    {
      "idx": 1983,
      "pred": 7,
      "pred_label": "label_Wqq",
      "true": 7,
      "true_label": "label_Wqq",
      "conf": 0.9738960862159729,
      "pred_logit": 1.0282012224197388,
      "true_logit": 1.0282012224197388,
      "drop_edge_conv_zero_1_edge_conv": 193.01751708984375,
      "drop_edge_conv_zero_0_edge_conv": 239.08641052246094,
      "drop_features_zero_input_features_zero": 106.20143127441406,
      "drop_feature_group_zero_input_coords_last2": 36.61452102661133,
      "drop_edge_conv_zero_2_edge_conv": 21.389902114868164,
      "drop_feature_group_zero_input_kin_logs_0_4": 17.833545684814453
    },
    {
      "idx": 1702,
      "pred": 8,
      "pred_label": "label_Tbqq",
      "true": 8,
      "true_label": "label_Tbqq",
      "conf": 0.999966025352478,
      "pred_logit": 2.7572081089019775,
      "true_logit": 2.7572081089019775,
      "drop_edge_conv_zero_1_edge_conv": 241.62379455566406,
      "drop_edge_conv_zero_0_edge_conv": 230.23695373535156,
      "drop_features_zero_input_features_zero": 136.2233123779297,
      "drop_feature_group_zero_input_coords_last2": 57.95811080932617,
      "drop_edge_conv_zero_2_edge_conv": 27.717790603637695,
      "drop_feature_group_zero_input_kin_logs_0_4": 21.366382598876953
    },
  
