{
  "ok": true,
  "checkpoint": "local_checkpoints/part/ParT_full.pt",
  "mode": "full",
  "missing": [],
  "unexpected": [],
  "n": 128,
  "files": [
    "/home/maxwelhelp/Рабочий стол/jetclass_tiny_balanced/HToBB_000.root"
  ],
  "labels": [
    "label_QCD",
    "label_Hbb",
    "label_Hcc",
    "label_Hgg",
    "label_H4q",
    "label_Hqql",
    "label_Zqq",
    "label_Wqq",
    "label_Tbqq",
    "label_Tbl"
  ],
  "baseline": {
    "patch": "baseline",
    "layer": "",
    "group": "",
    "pred_counts": "[53, 0, 10, 0, 0, 4, 56, 0, 0, 5]",
    "acc": 0.0
  },
  "top_patches": [
    {
      "patch": "cls_block_zero",
      "layer": 1,
      "group": "cls_block",
      "delta_pred_logit": 4.255267143249512,
      "kl": 1.2167024612426758,
      "logit_rel": 0.9626051783561707,
      "top1_match": 0.4140625,
      "base_acc": 0.0,
      "patch_acc": 0.0
    },
    {
      "patch": "cls_block_zero",
      "layer": 0,
      "group": "cls_block",
      "delta_pred_logit": 1.6955811977386475,
      "kl": 4.123510360717773,
      "logit_rel": 0.9909725785255432,
      "top1_match": 0.4140625,
      "base_acc": 0.0,
      "patch_acc": 0.0
    },
    {
      "patch": "pair_embed_zero",
      "layer": "",
      "group": "pair_bias",
      "delta_pred_logit": 0.7856054306030273,
      "kl": 0.8360657095909119,
      "logit_rel": 0.556016743183136,
      "top1_match": 0.59375,
      "base_acc": 0.0,
      "patch_acc": 0.0
    },
    {
      "patch": "particle_block_skip",
      "layer": 0,
      "group": "block",
      "delta_pred_logit": 0.7509524822235107,
      "kl": 0.7725517749786377,
      "logit_rel": 0.5347051024436951,
      "top1_match": 0.6328125,
      "base_acc": 0.0,
      "patch_acc": 0.0
    },
    {
      "patch": "particle_block_skip",
      "layer": 3,
      "group": "block",
      "delta_pred_logit": 0.39862918853759766,
      "kl": 0.2415412962436676,
      "logit_rel": 0.33233028650283813,
      "top1_match": 0.75,
      "base_acc": 0.0,
      "patch_acc": 0.0078125
    },
    {
      "patch": "particle_block_skip",
      "layer": 2,
      "group": "block",
      "delta_pred_logit": 0.3724532127380371,
      "kl": 0.35232189297676086,
      "logit_rel": 0.3522321283817291,
      "top1_match": 0.75,
      "base_acc": 0.0,
      "patch_acc": 0.0
    },
    {
      "patch": "particle_block_skip",
      "layer": 7,
      "group": "block",
      "delta_pred_logit": 0.33619117736816406,
      "kl": 0.5162299871444702,
      "logit_rel": 0.5081107020378113,
      "top1_match": 0.7265625,
      "base_acc": 0.0,
      "patch_acc": 0.0
    },
    {
      "patch": "particle_block_skip",
      "layer": 4,
      "group": "block",
      "delta_pred_logit": 0.28601503372192383,
      "kl": 0.29085761308670044,
      "logit_rel": 0.318726509809494,
      "top1_match": 0.7265625,
      "base_acc": 0.0,
      "patch_acc": 0.0
    },
    {
      "patch": "particle_block_skip",
      "layer": 1,
      "group": "block",
      "delta_pred_logit": 0.2178330421447754,
      "kl": 0.4029601216316223,
      "logit_rel": 0.4179016053676605,
      "top1_match": 0.71875,
      "base_acc": 0.0,
      "patch_acc": 0.0
    },
    {
      "patch": "particle_block_skip",
      "layer": 5,
      "group": "block",
      "delta_pred_logit": 0.13693904876708984,
      "kl": 0.5208665132522583,
      "logit_rel": 0.382363498210907,
      "top1_match": 0.671875,
      "base_acc": 0.0,
      "patch_acc": 0.0
    },
    {
      "patch": "particle_block_skip",
      "layer": 6,
      "group": "block",
      "delta_pred_logit": 0.13555526733398438,
      "kl": 0.5997519493103027,
      "logit_rel": 0.43544936180114746,
      "top1_match": 0.6484375,
      "base_acc": 0.0,
      "patch_acc": 0.0
    },
    {
      "patch": "mlp_top_group_zero",
      "layer": 3,
      "group": "top32",
      "neurons": "[122, 474, 34, 97, 15, 93, 240, 53, 454, 11, 144, 72, 304, 436, 29, 50, 359, 88, 395, 30, 231, 428, 127, 452, 161, 243, 419, 166, 376, 411, 183, 25]",
      "score_sum": 166.9002227783203,
      "delta_pred_logit": 0.10219573974609375,
      "kl": 0.010837399400770664,
      "logit_rel": 0.07445675134658813,
      "top1_match": 0.921875,
      "base_acc": 0.0,
      "patch_acc": 0.0
    },
    {
      "patch": "mlp_top_group_zero",
      "layer": 1,
      "group": "top32",
      "neurons": "[110, 323, 442, 75, 252, 370, 27, 87, 209, 371, 215, 77, 352, 197, 202, 474, 109, 410, 369, 236, 397, 267, 192, 128, 300, 290, 139, 88, 203, 347, 500, 409]",
      "score_sum": 204.63404846191406,
      "delta_pred_logit": 0.05601644515991211,
      "kl": 0.06193874031305313,
      "logit_rel": 0.12941566109657288,
      "top1_match": 0.8984375,
      "base_acc": 0.0,
      "patch_acc": 0.0
    },
    {
      "patch": "mlp_top_group_zero",
      "layer": 6,
      "group": "top32",
      "neurons": "[301, 214, 166, 411, 487, 36, 158, 272, 191, 150, 493, 68, 502, 107, 291, 370, 139, 30, 186, 203, 240, 63, 175, 373, 368, 473, 55, 111, 145, 330, 429, 351]",
      "score_sum": 220.748291015625,
      "delta_pred_logit": -0.03450822830200195,
      "kl": 0.036821167916059494,
      "logit_rel": 0.10332813113927841,
      "top1_match": 0.90625,
      "base_acc": 0.0,
      "patch_acc": 0.0
    },
    {
      "patch": "mlp_top_group_zero",
      "layer": 5,
      "group": "top32",
      "neurons": "[5, 123, 195, 20, 316, 290, 285, 380, 389, 431, 415, 128, 155, 125, 490, 139, 13, 120, 373, 484, 164, 353, 359, 310, 157, 51, 348, 291, 86, 159, 237, 170]",
      "score_sum": 155.7731170654297,
      "delta_pred_logit": -0.027954578399658203,
      "kl": 0.014583142474293709,
      "logit_rel": 0.07866781204938889,
      "top1_match": 0.9375,
      "base_acc": 0.0,
      "patch_acc": 0.0
    },
    {
      "patch": "mlp_top_group_zero",
      "layer": 2,
      "group": "top32",
      "neurons": "[380, 78, 240, 11, 134, 369, 334, 312, 394, 492, 90, 16, 304, 364, 510, 284, 453, 234, 247, 403, 126, 227, 52, 170, 41, 200, 168, 486, 474, 112, 245, 241]",
      "score_sum": 138.89718627929688,
      "delta_pred_logit": 0.027103424072265625,
      "kl": 0.019215811043977737,
      "logit_rel": 0.07184553146362305,
      "top1_match": 0.921875,
      "base_acc": 0.0,
      "patch_acc": 0.0
    },
    {
      "patch": "mlp_top_group_zero",
      "layer": 7,
      "group": "top32",
      "neurons": "[2, 319, 141, 250, 116, 447, 218, 321, 497, 94, 427, 306, 178, 456, 473, 240, 372, 181, 388, 273, 486, 222, 366, 386, 376, 195, 189, 414, 304, 227, 89, 356]",
      "score_sum": 297.03619384765625,
      "delta_pred_logit": 0.024850845336914062,
      "kl": 0.05736469477415085,
      "logit_rel": 0.1572963148355484,
      "top1_match": 0.8984375,
      "base_acc": 0.0,
      "patch_acc": 0.0
    },
    {
      "patch": "mlp_top_group_zero",
      "layer": 4,
      "group": "top32",
      "neurons": "[252, 295, 194, 268, 453, 76, 38, 117, 498, 188, 510, 106, 22, 501, 32, 128, 67, 348, 284, 247, 154, 440, 261, 140, 419, 17, 55, 318, 71, 250, 225, 286]",
      "score_sum": 152.9107666015625,
      "delta_pred_logit": 0.017349720001220703,
      "kl": 0.018568940460681915,
      "logit_rel": 0.07866903394460678,
      "top1_match": 0.9453125,
      "base_acc": 0.0,
      "patch_acc": 0.0
    },
    {
      "patch": "mlp_top_group_zero",
      "layer": 0,
      "group": "top32",
      "neurons": "[0, 122, 80, 164, 438, 64, 289, 412, 291, 193, 81, 59, 155, 425, 349, 141, 23, 273, 403, 178, 139, 54, 123, 105, 120, 129, 179, 12, 195, 24, 446, 182]",
      "score_sum": 180.21922302246094,
      "delta_pred_logit": -0.01149606704711914,
      "kl": 0.0683639794588089,
      "logit_rel": 0.13503314554691315,
      "top1_match": 0.8828125,
      "base_acc": 0.0,
      "patch_acc": 0.0
    }
  ]
}
