{
  "ok": true,
  "diagnostic": "accuracy/confusion/label-order/trim check",
  "results": [
    {
      "checkpoint": "local_checkpoints/part/ParT_kinpid.pt",
      "mode": "kinpid",
      "trim": false,
      "missing": [],
      "unexpected": [],
      "n": 2560,
      "acc": 0.10507812350988388,
      "label_permutation_upper_bound": 0.678125,
      "true_counts": [
        256,
        256,
        256,
        256,
        256,
        256,
        256,
        256,
        256,
        256
      ],
      "pred_counts": [
        1534,
        45,
        106,
        3,
        41,
        7,
        771,
        34,
        1,
        18
      ],
      "confusion": [
        [
          94,
          0,
          11,
          0,
          6,
          0,
          143,
          1,
          0,
          1
        ],
        [
          197,
          0,
          4,
          1,
          2,
          0,
          39,
          11,
          0,
          2
        ],
        [
          200,
          1,
          1,
          0,
          3,
          0,
          41,
          10,
          0,
          0
        ],
        [
          198,
          0,
          13,
          0,
          12,
          0,
          31,
          2,
          0,
          0
        ],
        [
          207,
          0,
          8,
          0,
          13,
          0,
          27,
          1,
          0,
          0
        ],
        [
          108,
          9,
          14,
          0,
          2,
          4,
          116,
          2,
          0,
          1
        ],
        [
          94,
          0,
          14,
          0,
          2,
          0,
          144,
          0,
          0,
          2
        ],
        [
          66,
          3,
          24,
          1,
          0,
          0,
          161,
          1,
          0,
          0
        ],
        [
          251,
          0,
          0,
          0,
          0,
          0,
          5,
          0,
          0,
          0
        ],
        [
          119,
          32,
          17,
          1,
          1,
          3,
          64,
          6,
          1,
          12
        ]
      ],
      "per_true_top_preds": [
        {
          "true_id": 0,
          "true_label": "label_QCD",
          "top_pred": [
            [
              "label_Zqq",
              143
            ],
            [
              "label_QCD",
              94
            ],
            [
              "label_Hcc",
              11
            ]
          ]
        },
        {
          "true_id": 1,
          "true_label": "label_Hbb",
          "top_pred": [
            [
              "label_QCD",
              197
            ],
            [
              "label_Zqq",
              39
            ],
            [
              "label_Wqq",
              11
            ]
          ]
        },
        {
          "true_id": 2,
          "true_label": "label_Hcc",
          "top_pred": [
            [
              "label_QCD",
              200
            ],
            [
              "label_Zqq",
              41
            ],
            [
              "label_Wqq",
              10
            ]
          ]
        },
        {
          "true_id": 3,
          "true_label": "label_Hgg",
          "top_pred": [
            [
              "label_QCD",
              198
            ],
            [
              "label_Zqq",
              31
            ],
            [
              "label_Hcc",
              13
            ]
          ]
        },
        {
          "true_id": 4,
          "true_label": "label_H4q",
          "top_pred": [
            [
              "label_QCD",
              207
            ],
            [
              "label_Zqq",
              27
            ],
            [
              "label_H4q",
              13
            ]
          ]
        },
        {
          "true_id": 5,
          "true_label": "label_Hqql",
          "top_pred": [
            [
              "label_Zqq",
              116
            ],
            [
              "label_QCD",
              108
            ],
            [
              "label_Hcc",
              14
            ]
          ]
        },
        {
          "true_id": 6,
          "true_label": "label_Zqq",
          "top_pred": [
            [
              "label_Zqq",
              144
            ],
            [
              "label_QCD",
              94
            ],
            [
              "label_Hcc",
              14
            ]
          ]
        },
        {
          "true_id": 7,
          "true_label": "label_Wqq",
          "top_pred": [
            [
              "label_Zqq",
              161
            ],
            [
              "label_QCD",
              66
            ],
            [
              "label_Hcc",
              24
            ]
          ]
        },
        {
          "true_id": 8,
          "true_label": "label_Tbqq",
          "top_pred": [
            [
              "label_QCD",
              251
            ],
            [
              "label_Zqq",
              5
            ],
            [
              "label_Hbb",
              0
            ]
          ]
        },
        {
          "true_id": 9,
          "true_label": "label_Tbl",
          "top_pred": [
            [
              "label_QCD",
              119
            ],
            [
              "label_Zqq",
              64
            ],
            [
              "label_Hbb",
              32
            ]
          ]
        }
      ],
      "files": [
        "/home/maxwelhelp/Рабочий стол/jetclass_tiny_balanced/HToBB_000.root",
        "/home/maxwelhelp/Рабочий стол/jetclass_tiny_balanced/HToCC_000.root",
        "/home/maxwelhelp/Рабочий стол/jetclass_tiny_balanced/HToGG_000.root",
        "/home/maxwelhelp/Рабочий стол/jetclass_tiny_balanced/HToWW2Q1L_000.root",
        "/home/maxwelhelp/Рабочий стол/jetclass_tiny_balanced/HToWW4Q_000.root",
        "/home/maxwelhelp/Рабочий стол/jetclass_tiny_balanced/TTBarLep_000.root",
        "/home/maxwelhelp/Рабочий стол/jetclass_tiny_balanced/TTBar_000.root",
        "/home/maxwelhelp/Рабочий стол/jetclass_tiny_balanced/WToQQ_000.root",
        "/home/maxwelhelp/Рабочий стол/jetclass_tiny_balanced/ZJetsToNuNu_000.root",
        "/home/maxwelhelp/Рабочий стол/jetclass_tiny_balanced/ZToQQ_000.root"
      ]
    },
    {
      "checkpoint": "local_checkpoints/part/ParT_kinpid.pt",
      "mode": "kinpid",
      "trim": true,
      "missing": [],
      "unexpected": [],
      "n": 2560,
      "acc": 0.10507812350988388,
      "label_permutation_upper_bound": 0.678125,
      "true_counts": [
        256,
        256,
        256,
        256,
        256,
        256,
        256,
        256,
        256,
        256
      ],
      "pred_counts": [
        1534,
        45,
        106,
        3,
        41,
        7,
        771,
        34,
        1,
        18
      ],
      "confusion": [
        [
          94,
          0,
          11,
          0,
          6,
          0,
          143,
          1,
          0,
          1
        ],
        [
          197,
          0,
          4,
          1,
          2,
          0,
          39,
          11,
          0,
          2
        ],
        [
          200,
          1,
          1,
          0,
          3,
          0,
          41,
          10,
          0,
          0
        ],
        [
          198,
          0,
          13,
          0,
          12,
          0,
          31,
          2,
          0,
          0
        ],
        [
          207,
          0,
          8,
          0,
          13,
          0,
          27,
          1,
          0,
          0
        ],
        [
          108,
          9,
          14,
          0,
          2,
          4,
          116,
          2,
          0,
          1
        ],
        [
          94,
          0,
          14,
          0,
          2,
          0,
          144,
          0,
          0,
          2
        ],
        [
          66,
          3,
          24,
          1,
          0,
          0,
          161,
          1,
          0,
          0
        ],
        [
          251,
          0,
          0,
          0,
          0,
          0,
          5,
          0,
          0,
          0
        ],
        [
          119,
          32,
          17,
          1,
          1,
          3,
          64,
          6,
          1,
          12
        ]
      ],
      "per_true_top_preds": [
        {
          "true_id": 0,
          "true_label": "label_QCD",
          "top_pred": [
            [
              "label_Zqq",
              143
            ],
            [
              "label_QCD",
              94
            ],
            [
              "label_Hcc",
              11
            ]
          ]
        },
        {
          "true_id": 1,
          "true_label": "label_Hbb",
          "top_pred": [
            [
              "label_QCD",
              197
            ],
            [
              "label_Zqq",
              39
            ],
            [
              "label_Wqq",
              11
            ]
          ]
        },
        {
          "true_id": 2,
          "true_label": "label_Hcc",
          "top_pred": [
            [
              "label_QCD",
              200
            ],
            [
              "label_Zqq",
              41
            ],
            [
              "label_Wqq",
              10
            ]
          ]
        },
        {
          "true_id": 3,
          "true_label": "label_Hgg",
          "top_pred": [
            [
              "label_QCD",
              198
            ],
            [
              "label_Zqq",
              31
            ],
            [
              "label_Hcc",
              13
            ]
          ]
        },
        {
          "true_id": 4,
          "true_label": "label_H4q",
          "top_pred": [
            [
              "label_QCD",
              207
            ],
            [
              "label_Zqq",
              27
            ],
            [
              "label_H4q",
              13
            ]
          ]
        },
        {
          "true_id": 5,
          "true_label": "label_Hqql",
          "top_pred": [
            [
              "label_Zqq",
              116
            ],
            [
              "label_QCD",
              108
            ],
            [
              "label_Hcc",
              14
            ]
          ]
        },
        {
          "true_id": 6,
          "true_label": "label_Zqq",
          "top_pred": [
            [
              "label_Zqq",
              144
            ],
            [
              "label_QCD",
              94
            ],
            [
              "label_Hcc",
              14
            ]
          ]
        },
        {
          "true_id": 7,
          "true_label": "label_Wqq",
          "top_pred": [
            [
              "label_Zqq",
              161
            ],
            [
              "label_QCD",
              66
            ],
            [
              "label_Hcc",
              24
            ]
          ]
        },
        {
          "true_id": 8,
          "true_label": "label_Tbqq",
          "top_pred": [
            [
              "label_QCD",
              251
            ],
            [
              "label_Zqq",
              5
            ],
            [
              "label_Hbb",
              0
            ]
          ]
        },
        {
          "true_id": 9,
          "true_label": "label_Tbl",
          "top_pred": [
            [
              "label_QCD",
              119
            ],
            [
              "label_Zqq",
              64
            ],
            [
              "label_Hbb",
              32
            ]
          ]
        }
      ],
      "files": [
        "/home/maxwelhelp/Рабочий стол/jetclass_tiny_balanced/HToBB_000.root",
        "/home/maxwelhelp/Рабочий стол/jetclass_tiny_balanced/HToCC_000.root",
        "/home/maxwelhelp/Рабочий стол/jetclass_tiny_balanced/HToGG_000.root",
        "/home/maxwelhelp/Рабочий стол/jetclass_tiny_balanced/HToWW2Q1L_000.root",
        "/home/maxwelhelp/Рабочий стол/jetclass_tiny_balanced/HToWW4Q_000.root",
        "/home/maxwelhelp/Рабочий стол/jetclass_tiny_balanced/TTBarLep_000.root",
        "/home/maxwelhelp/Рабочий стол/jetclass_tiny_balanced/TTBar_000.root",
        "/home/maxwelhelp/Рабочий стол/jetclass_tiny_balanced/WToQQ_000.root",
        "/home/maxwelhelp/Рабочий стол/jetclass_tiny_balanced/ZJetsToNuNu_000.root",
        "/home/maxwelhelp/Рабочий стол/jetclass_tiny_balanced/ZToQQ_000.root"
      ]
    }
  ],
  "best": {
    "checkpoint": "local_checkpoints/part/ParT_kinpid.pt",
    "mode": "kinpid",
    "trim": false,
    "missing": [],
    "unexpected": [],
    "n": 2560,
    "acc": 0.10507812350988388,
    "label_permutation_upper_bound": 0.678125,
    "true_counts": [
      256,
      256,
      256,
      256,
      256,
      256,
      256,
      256,
      256,
      256
    ],
    "pred_counts": [
      1534,
      45,
      106,
      3,
      41,
      7,
      771,
      34,
      1,
      18
    ],
    "confusion": [
      [
        94,
        0,
        11,
        0,
        6,
        0,
        143,
        1,
        0,
        1
      ],
      [
        197,
        0,
        4,
        1,
        2,
        0,
        39,
        11,
        0,
        2
      ],
      [
        200,
        1,
        1,
        0,
        3,
        0,
        41,
        10,
        0,
        0
      ],
      [
        198,
        0,
        13,
        0,
        12,
        0,
        31,
        2,
        0,
        0
      ],
      [
        207,
        0,
        8,
        0,
        13,
        0,
        27,
        1,
        0,
        0
      ],
      [
        108,
        9,
        14,
        0,
        2,
        4,
        116,
        2,
        0,
        1
      ],
      [
        94,
        0,
        14,
        0,
        2,
        0,
        144,
        0,
        0,
        2
      ],
      [
        66,
        3,
        24,
        1,
        0,
        0,
        161,
        1,
        0,
        0
      ],
      [
        251,
        0,
        0,
        0,
        0,
        0,
        5,
        0,
        0,
        0
      ],
      [
        119,
        32,
        17,
        1,
        1,
        3,
        64,
        6,
        1,
        12
      ]
    ],
    "per_true_top_preds": [
      {
        "true_id": 0,
        "true_label": "label_QCD",
        "top_pred": [
          [
            "label_Zqq",
            143
          ],
          [
            "label_QCD",
            94
          ],
          [
            "label_Hcc",
            11
          ]
        ]
      },
      {
        "true_id": 1,
        "true_label": "label_Hbb",
        "top_pred": [
          [
            "label_QCD",
            197
          ],
          [
            "label_Zqq",
            39
          ],
          [
            "label_Wqq",
            11
          ]
        ]
      },
      {
        "true_id": 2,
        "true_label": "label_Hcc",
        "top_pred": [
          [
            "label_QCD",
            200
          ],
          [
            "label_Zqq",
            41
          ],
          [
            "label_Wqq",
            10
          ]
        ]
      },
      {
        "true_id": 3,
        "true_label": "label_Hgg",
        "top_pred": [
          [
            "label_QCD",
            198
          ],
          [
            "label_Zqq",
            31
          ],
          [
            "label_Hcc",
            13
          ]
        ]
      },
      {
        "true_id": 4,
        "true_label": "label_H4q",
        "top_pred": [
          [
            "label_QCD",
            207
          ],
          [
            "label_Zqq",
            27
          ],
          [
            "label_H4q",
            13
          ]
        ]
      },
      {
        "true_id": 5,
        "true_label": "label_Hqql",
        "top_pred": [
          [
            "label_Zqq",
            116
          ],
          [
            "label_QCD",
            108
          ],
          [
            "label_Hcc",
            14
          ]
        ]
      },
      {
        "true_id": 6,
        "true_label": "label_Zqq",
        "top_pred": [
          [
            "label_Zqq",
            144
          ],
          [
            "label_QCD",
            94
          ],
          [
            "label_Hcc",
            14
          ]
        ]
      },
      {
        "true_id": 7,
        "true_label": "label_Wqq",
        "top_pred": [
          [
            "label_Zqq",
            161
          ],
          [
            "label_QCD",
            66
          ],
          [
            "label_Hcc",
            24
          ]
        ]
      },
      {
        "true_id": 8,
        "true_label": "label_Tbqq",
        "top_pred": [
          [
            "label_QCD",
            251
          ],
          [
            "label_Zqq",
            5
          ],
          [
            "label_Hbb",
            0
          ]
        ]
      },
      {
        "true_id": 9,
        "true_label": "label_Tbl",
        "top_pred": [
          [
            "label_QCD",
            119
          ],
          [
            "label_Zqq",
            64
          ],
          [
            "label_Hbb",
            32
          ]
        ]
      }
    ],
    "files": [
      "/home/maxwelhelp/Рабочий стол/jetclass_tiny_balanced/HToBB_000.root",
      "/home/maxwelhelp/Рабочий стол/jetclass_tiny_balanced/HToCC_000.root",
      "/home/maxwelhelp/Рабочий стол/jetclass_tiny_balanced/HToGG_000.root",
      "/home/maxwelhelp/Рабочий стол/jetclass_tiny_balanced/HToWW2Q1L_000.root",
      "/home/maxwelhelp/Рабочий стол/jetclass_tiny_balanced/HToWW4Q_000.root",
      "/home/maxwelhelp/Рабочий стол/jetclass_tiny_balanced/TTBarLep_000.root",
      "/home/maxwelhelp/Рабочий стол/jetclass_tiny_balanced/TTBar_000.root",
      "/home/maxwelhelp/Рабочий стол/jetclass_tiny_balanced/WToQQ_000.root",
      "/home/maxwelhelp/Рабочий стол/jetclass_tiny_balanced/ZJetsToNuNu_000.root",
      "/home/maxwelhelp/Рабочий стол/jetclass_tiny_balanced/ZToQQ_000.root"
    ]
  }
}
