Traceback (most recent call last):
  File "/home/maxwelhelp/Рабочий стол/matrix_unified_system_particals/tools/particle0_topk_controls_v1.py", line 305, in <module>
    if __name__=='__main__': main()
                             ^^^^^^
  File "/home/maxwelhelp/Рабочий стол/matrix_unified_system_particals/tools/particle0_topk_controls_v1.py", line 229, in main
    logits=model_logits(model,ctrl_batch,args.micro_batch)
           ^^^^^^^^^^^^^^^^^^^^^^^^^^^^^^^^^^^^^^^^^^^^^^^
  File "/home/maxwelhelp/Рабочий стол/matrix_unified_system_particals/tools/particle0_topk_controls_v1.py", line 66, in model_logits
    chunks.append(model(b['points'],b['features'],b['mask']).detach().cpu())
                  ^^^^^^^^^^^^^^^^^^^^^^^^^^^^^^^^^^^^^^^^^^
  File "/home/maxwelhelp/main/lib/python3.12/site-packages/torch/nn/modules/module.py", line 1739, in _wrapped_call_impl
    return self._call_impl(*args, **kwargs)
           ^^^^^^^^^^^^^^^^^^^^^^^^^^^^^^^^
  File "/home/maxwelhelp/main/lib/python3.12/site-packages/torch/nn/modules/module.py", line 1750, in _call_impl
    return forward_call(*args, **kwargs)
           ^^^^^^^^^^^^^^^^^^^^^^^^^^^^^
  File "/home/maxwelhelp/main/lib/python3.12/site-packages/weaver/nn/model/ParticleNet.py", line 238, in forward
    fts = conv(pts, fts).masked_fill(padding_mask, 0)
          ^^^^^^^^^^^^^^
  File "/home/maxwelhelp/main/lib/python3.12/site-packages/torch/nn/modules/module.py", line 1739, in _wrapped_call_impl
    return self._call_impl(*args, **kwargs)
           ^^^^^^^^^^^^^^^^^^^^^^^^^^^^^^^^
  File "/home/maxwelhelp/main/lib/python3.12/site-packages/torch/nn/modules/module.py", line 1750, in _call_impl
    return forward_call(*args, **kwargs)
           ^^^^^^^^^^^^^^^^^^^^^^^^^^^^^
  File "/home/maxwelhelp/main/lib/python3.12/site-packages/weaver/nn/model/ParticleNet.py", line 124, in forward
    topk_indices = knn(points, self.k)
                   ^^^^^^^^^^^^^^^^^^^
  File "/home/maxwelhelp/main/lib/python3.12/site-packages/weaver/nn/model/ParticleNet.py", line 33, in knn
    idx = distance_fn(x).topk(k=k + 1, dim=-1, largest=False, sorted=True)[1][:, :, 1:]  # (b, i, k)
          ^^^^^^^^^^^^^^^^^^^^^^^^^^^^^^^^^^^^^^^^^^^^^^^^^^^^^^^^^^^^^^^^
RuntimeError: selected index k out of range
