{
  "ok": true,
  "checkpoint": "local_checkpoints/part/ParT_full.pt",
  "mode": "full",
  "preprocess": "official_wrap_v3",
  "missing": [],
  "unexpected": [],
  "n": 2560,
  "files": [
    "/home/maxwelhelp/Рабочий стол/jetclass_tiny_balanced/HToBB_000.root",
    "/home/maxwelhelp/Рабочий стол/jetclass_tiny_balanced/HToCC_000.root",
    "/home/maxwelhelp/Рабочий стол/jetclass_tiny_balanced/HToGG_000.root",
    "/home/maxwelhelp/Рабочий стол/jetclass_tiny_balanced/HToWW2Q1L_000.root",
    "/home/maxwelhelp/Рабочий стол/jetclass_tiny_balanced/HToWW4Q_000.root",
    "/home/maxwelhelp/Рабочий стол/jetclass_tiny_balanced/TTBarLep_000.root",
    "/home/maxwelhelp/Рабочий стол/jetclass_tiny_balanced/TTBar_000.root",
    "/home/maxwelhelp/Рабочий стол/jetclass_tiny_balanced/WToQQ_000.root",
    "/home/maxwelhelp/Рабочий стол/jetclass_tiny_balanced/ZJetsToNuNu_000.root",
    "/home/maxwelhelp/Рабочий стол/jetclass_tiny_balanced/ZToQQ_000.root"
  ],
  "labels": [
    "label_QCD",
    "label_Hbb",
    "label_Hcc",
    "label_Hgg",
    "label_H4q",
    "label_Hqql",
    "label_Zqq",
    "label_Wqq",
    "label_Tbqq",
    "label_Tbl"
  ],
  "baseline": {
    "patch": "baseline",
    "layer": "",
    "group": "",
    "n": 2560,
    "pred_counts": "[909, 0, 206, 0, 21, 344, 954, 0, 0, 126]",
    "true_counts": "[256, 256, 256, 256, 256, 256, 256, 256, 256, 256]",
    "acc": 0.11640625447034836
  },
  "top_patches": [
    {
      "patch": "cls_block_zero",
      "layer": 1,
      "group": "cls_block",
      "delta_pred_logit": 4.644615650177002,
      "kl": 1.4240906238555908,
      "logit_rel": 0.977184534072876,
      "top1_match": 0.3550781309604645,
      "base_acc": 0.11640625447034836,
      "patch_acc": 0.10000000149011612
    },
    {
      "patch": "cls_block_zero",
      "layer": 0,
      "group": "cls_block",
      "delta_pred_logit": 2.133612632751465,
      "kl": 3.8343498706817627,
      "logit_rel": 0.8977895975112915,
      "top1_match": 0.3539062440395355,
      "base_acc": 0.11640625447034836,
      "patch_acc": 0.10078125447034836
    },
    {
      "patch": "pair_embed_zero",
      "layer": "",
      "group": "pair_bias",
      "delta_pred_logit": 1.3839490413665771,
      "kl": 0.9652816653251648,
      "logit_rel": 0.5652353763580322,
      "top1_match": 0.6195312738418579,
      "base_acc": 0.11640625447034836,
      "patch_acc": 0.11093749850988388
    },
    {
      "patch": "particle_block_skip",
      "layer": 0,
      "group": "block",
      "delta_pred_logit": 0.7419991493225098,
      "kl": 0.7912200093269348,
      "logit_rel": 0.5150641202926636,
      "top1_match": 0.6546875238418579,
      "base_acc": 0.11640625447034836,
      "patch_acc": 0.107421875
    },
    {
      "patch": "particle_block_skip",
      "layer": 1,
      "group": "block",
      "delta_pred_logit": 0.45150136947631836,
      "kl": 0.3871796727180481,
      "logit_rel": 0.3871086537837982,
      "top1_match": 0.725781261920929,
      "base_acc": 0.11640625447034836,
      "patch_acc": 0.11289062350988388
    },
    {
      "patch": "particle_block_skip",
      "layer": 7,
      "group": "block",
      "delta_pred_logit": 0.36887454986572266,
      "kl": 0.8127931952476501,
      "logit_rel": 0.62111496925354,
      "top1_match": 0.6402344107627869,
      "base_acc": 0.11640625447034836,
      "patch_acc": 0.11210937798023224
    },
    {
      "patch": "particle_block_skip",
      "layer": 6,
      "group": "block",
      "delta_pred_logit": 0.1674942970275879,
      "kl": 0.41688308119773865,
      "logit_rel": 0.3924523890018463,
      "top1_match": 0.705078125,
      "base_acc": 0.11640625447034836,
      "patch_acc": 0.12187500298023224
    },
    {
      "patch": "particle_block_skip",
      "layer": 2,
      "group": "block",
      "delta_pred_logit": 0.16062021255493164,
      "kl": 0.2715575695037842,
      "logit_rel": 0.3262474238872528,
      "top1_match": 0.7835937738418579,
      "base_acc": 0.11640625447034836,
      "patch_acc": 0.1171875
    },
    {
      "patch": "particle_block_skip",
      "layer": 3,
      "group": "block",
      "delta_pred_logit": 0.12718486785888672,
      "kl": 0.20149555802345276,
      "logit_rel": 0.27730533480644226,
      "top1_match": 0.8226562738418579,
      "base_acc": 0.11640625447034836,
      "patch_acc": 0.115234375
    },
    {
      "patch": "particle_block_skip",
      "layer": 5,
      "group": "block",
      "delta_pred_logit": -0.08096790313720703,
      "kl": 0.37934640049934387,
      "logit_rel": 0.35587626695632935,
      "top1_match": 0.717578113079071,
      "base_acc": 0.11640625447034836,
      "patch_acc": 0.13242188096046448
    },
    {
      "patch": "mlp_top_group_zero",
      "layer": 7,
      "group": "top32",
      "neurons": "[2, 141, 181, 250, 447, 218, 227, 427, 178, 319, 240, 224, 306, 376, 222, 321, 128, 116, 486, 5, 366, 356, 453, 273, 377, 126, 208, 94, 189, 388, 314, 456]",
      "score_sum": 304.71978759765625,
      "delta_pred_logit": -0.05486249923706055,
      "kl": 0.11658551543951035,
      "logit_rel": 0.2082509994506836,
      "top1_match": 0.874218761920929,
      "base_acc": 0.11640625447034836,
      "patch_acc": 0.11757812649011612
    },
    {
      "patch": "mlp_top_group_zero",
      "layer": 6,
      "group": "top32",
      "neurons": "[301, 166, 272, 150, 186, 68, 291, 55, 158, 214, 30, 493, 473, 175, 63, 502, 36, 411, 372, 240, 274, 374, 191, 370, 487, 373, 383, 233, 145, 330, 50, 107]",
      "score_sum": 212.98582458496094,
      "delta_pred_logit": -0.03195667266845703,
      "kl": 0.030591493472456932,
      "logit_rel": 0.10303443670272827,
      "top1_match": 0.926562488079071,
      "base_acc": 0.11640625447034836,
      "patch_acc": 0.11328125
    },
    {
      "patch": "mlp_top_group_zero",
      "layer": 1,
      "group": "top32",
      "neurons": "[110, 323, 442, 370, 252, 75, 27, 371, 209, 87, 215, 347, 192, 77, 197, 109, 202, 128, 203, 410, 290, 216, 236, 397, 267, 369, 139, 352, 474, 416, 500, 184]",
      "score_sum": 183.13536071777344,
      "delta_pred_logit": 0.02924203872680664,
      "kl": 0.02378096617758274,
      "logit_rel": 0.08491124957799911,
      "top1_match": 0.9468750357627869,
      "base_acc": 0.11640625447034836,
      "patch_acc": 0.11835937947034836
    },
    {
      "patch": "particle_block_skip",
      "layer": 4,
      "group": "block",
      "delta_pred_logit": -0.02289724349975586,
      "kl": 0.2440759241580963,
      "logit_rel": 0.2914593517780304,
      "top1_match": 0.782031238079071,
      "base_acc": 0.11640625447034836,
      "patch_acc": 0.12578125298023224
    },
    {
      "patch": "mlp_top_group_zero",
      "layer": 2,
      "group": "top32",
      "neurons": "[380, 78, 240, 11, 200, 312, 105, 394, 71, 369, 170, 427, 112, 284, 41, 364, 334, 354, 247, 249, 492, 234, 52, 90, 304, 235, 126, 403, 486, 168, 510, 376]",
      "score_sum": 138.85824584960938,
      "delta_pred_logit": 0.019010543823242188,
      "kl": 0.012484973296523094,
      "logit_rel": 0.07140810042619705,
      "top1_match": 0.949999988079071,
      "base_acc": 0.11640625447034836,
      "patch_acc": 0.11484374850988388
    },
    {
      "patch": "mlp_top_group_zero",
      "layer": 0,
      "group": "top32",
      "neurons": "[122, 80, 164, 0, 438, 64, 12, 425, 59, 81, 403, 289, 155, 105, 23, 139, 291, 141, 120, 349, 250, 166, 129, 193, 54, 179, 452, 412, 182, 505, 422, 450]",
      "score_sum": 172.37094116210938,
      "delta_pred_logit": -0.013804435729980469,
      "kl": 0.030800852924585342,
      "logit_rel": 0.09780018031597137,
      "top1_match": 0.9312500357627869,
      "base_acc": 0.11640625447034836,
      "patch_acc": 0.11679687350988388
    },
    {
      "patch": "mlp_top_group_zero",
      "layer": 4,
      "group": "top32",
      "neurons": "[453, 252, 117, 284, 268, 295, 38, 76, 128, 154, 22, 286, 188, 301, 510, 32, 175, 140, 55, 225, 440, 318, 508, 331, 419, 498, 10, 501, 247, 259, 243, 213]",
      "score_sum": 152.53811645507812,
      "delta_pred_logit": 0.01298379898071289,
      "kl": 0.013834218494594097,
      "logit_rel": 0.0681239441037178,
      "top1_match": 0.9468750357627869,
      "base_acc": 0.11640625447034836,
      "patch_acc": 0.11835937947034836
    },
    {
      "patch": "mlp_top_group_zero",
      "layer": 3,
      "group": "top32",
      "neurons": "[474, 97, 34, 122, 53, 15, 93, 452, 72, 419, 144, 11, 240, 29, 127, 84, 454, 395, 356, 359, 50, 216, 243, 168, 428, 158, 25, 246, 183, 304, 376, 166]",
      "score_sum": 153.6166534423828,
      "delta_pred_logit": 0.007770061492919922,
      "kl": 0.007104301359504461,
      "logit_rel": 0.052531249821186066,
      "top1_match": 0.9683594107627869,
      "base_acc": 0.11640625447034836,
      "patch_acc": 0.11601562798023224
    },
    {
      "patch": "mlp_top_group_zero",
      "layer": 5,
      "group": "top32",
      "neurons": "[51, 123, 5, 353, 316, 290, 389, 118, 484, 120, 314, 20, 128, 237, 415, 195, 155, 13, 490, 223, 291, 373, 310, 139, 274, 330, 180, 125, 285, 348, 66, 164]",
      "score_sum": 155.81509399414062,
      "delta_pred_logit": 0.0007643699645996094,
      "kl": 0.019055604934692383,
      "logit_rel": 0.0889667421579361,
      "top1_match": 0.940625011920929,
      "base_acc": 0.11640625447034836,
      "patch_acc": 0.11874999850988388
    }
  ]
}
