{
  "ok": true,
  "events": 2024,
  "groups": {
    "Hqql_correct": 968,
    "Hqql_to_Tbl": 35,
    "Tbl_correct": 978,
    "Tbl_to_Hqql": 43
  },
  "micro_batch": 64,
  "knn_micro_batch": 128,
  "out_md": "reports/latest/HQQL_TBL_CONFUSION_PHYSICS_REGIME_V1.md"
}
{
  "ok": true,
  "status": "NEEDS_MORE_STATS",
  "min_confused": 100,
  "Hqql_to_Tbl": 35,
  "Tbl_to_Hqql": 43,
  "groups": {
    "Hqql_correct": 968,
    "Hqql_to_Tbl": 35,
    "Tbl_correct": 978,
    "Tbl_to_Hqql": 43
  },
  "recommendations": [
    "increase samples/files for Hqql_to_Tbl",
    "increase samples/files for Tbl_to_Hqql"
  ]
}
